Archive member included to satisfy reference by file (symbol)

C:/Tools/MinGW_CC++_Compiler_5.3/bin/../lib/gcc/x86_64-w64-mingw32/5.3.0/../../../../x86_64-w64-mingw32/lib/../lib/libmingw32.a(lib64_libmingw32_a-atonexit.o)
                              C:/Tools/MinGW_CC++_Compiler_5.3/bin/../lib/gcc/x86_64-w64-mingw32/5.3.0/crtbegin.o (atexit)
C:/Tools/MinGW_CC++_Compiler_5.3/bin/../lib/gcc/x86_64-w64-mingw32/5.3.0/../../../../x86_64-w64-mingw32/lib/../lib/libmingw32.a(lib64_libmingw32_a-gccmain.o)
                              C:/Tools/MinGW_CC++_Compiler_5.3/bin/../lib/gcc/x86_64-w64-mingw32/5.3.0/../../../../x86_64-w64-mingw32/lib/../lib/dllcrt2.o (__main)
C:/Tools/MinGW_CC++_Compiler_5.3/bin/../lib/gcc/x86_64-w64-mingw32/5.3.0/../../../../x86_64-w64-mingw32/lib/../lib/libmingw32.a(lib64_libmingw32_a-natstart.o)
                              C:/Tools/MinGW_CC++_Compiler_5.3/bin/../lib/gcc/x86_64-w64-mingw32/5.3.0/../../../../x86_64-w64-mingw32/lib/../lib/dllcrt2.o (__native_startup_lock)
C:/Tools/MinGW_CC++_Compiler_5.3/bin/../lib/gcc/x86_64-w64-mingw32/5.3.0/../../../../x86_64-w64-mingw32/lib/../lib/libmingw32.a(lib64_libmingw32_a-gs_support.o)
                              C:/Tools/MinGW_CC++_Compiler_5.3/bin/../lib/gcc/x86_64-w64-mingw32/5.3.0/../../../../x86_64-w64-mingw32/lib/../lib/dllcrt2.o (__security_init_cookie)
C:/Tools/MinGW_CC++_Compiler_5.3/bin/../lib/gcc/x86_64-w64-mingw32/5.3.0/../../../../x86_64-w64-mingw32/lib/../lib/libmingw32.a(lib64_libmingw32_a-tlssup.o)
                              C:/Tools/MinGW_CC++_Compiler_5.3/bin/../lib/gcc/x86_64-w64-mingw32/5.3.0/../../../../x86_64-w64-mingw32/lib/../lib/dllcrt2.o (__dyn_tls_init_callback)
C:/Tools/MinGW_CC++_Compiler_5.3/bin/../lib/gcc/x86_64-w64-mingw32/5.3.0/../../../../x86_64-w64-mingw32/lib/../lib/libmingw32.a(lib64_libmingw32_a-cinitexe.o)
                              C:/Tools/MinGW_CC++_Compiler_5.3/bin/../lib/gcc/x86_64-w64-mingw32/5.3.0/../../../../x86_64-w64-mingw32/lib/../lib/dllcrt2.o (__xc_z)
C:/Tools/MinGW_CC++_Compiler_5.3/bin/../lib/gcc/x86_64-w64-mingw32/5.3.0/../../../../x86_64-w64-mingw32/lib/../lib/libmingw32.a(lib64_libmingw32_a-mingw_helpers.o)
                              C:/Tools/MinGW_CC++_Compiler_5.3/bin/../lib/gcc/x86_64-w64-mingw32/5.3.0/../../../../x86_64-w64-mingw32/lib/../lib/dllcrt2.o (_decode_pointer)
C:/Tools/MinGW_CC++_Compiler_5.3/bin/../lib/gcc/x86_64-w64-mingw32/5.3.0/../../../../x86_64-w64-mingw32/lib/../lib/libmingw32.a(lib64_libmingw32_a-pseudo-reloc.o)
                              C:/Tools/MinGW_CC++_Compiler_5.3/bin/../lib/gcc/x86_64-w64-mingw32/5.3.0/../../../../x86_64-w64-mingw32/lib/../lib/dllcrt2.o (_pei386_runtime_relocator)
C:/Tools/MinGW_CC++_Compiler_5.3/bin/../lib/gcc/x86_64-w64-mingw32/5.3.0/../../../../x86_64-w64-mingw32/lib/../lib/libmingw32.a(lib64_libmingw32_a-crt_handler.o)
                              C:/Tools/MinGW_CC++_Compiler_5.3/bin/../lib/gcc/x86_64-w64-mingw32/5.3.0/../../../../x86_64-w64-mingw32/lib/../lib/dllcrt2.o (__mingw_init_ehandler)
C:/Tools/MinGW_CC++_Compiler_5.3/bin/../lib/gcc/x86_64-w64-mingw32/5.3.0/../../../../x86_64-w64-mingw32/lib/../lib/libmingw32.a(lib64_libmingw32_a-tlsthrd.o)
                              C:/Tools/MinGW_CC++_Compiler_5.3/bin/../lib/gcc/x86_64-w64-mingw32/5.3.0/../../../../x86_64-w64-mingw32/lib/../lib/libmingw32.a(lib64_libmingw32_a-tlssup.o) (__mingw_TLScallback)
C:/Tools/MinGW_CC++_Compiler_5.3/bin/../lib/gcc/x86_64-w64-mingw32/5.3.0/../../../../x86_64-w64-mingw32/lib/../lib/libmingw32.a(lib64_libmingw32_a-tlsmcrt.o)
                              C:/Tools/MinGW_CC++_Compiler_5.3/bin/../lib/gcc/x86_64-w64-mingw32/5.3.0/../../../../x86_64-w64-mingw32/lib/../lib/libmingw32.a(lib64_libmingw32_a-tlssup.o) (_CRT_MT)
C:/Tools/MinGW_CC++_Compiler_5.3/bin/../lib/gcc/x86_64-w64-mingw32/5.3.0/../../../../x86_64-w64-mingw32/lib/../lib/libmingw32.a(lib64_libmingw32_a-pseudo-reloc-list.o)
                              C:/Tools/MinGW_CC++_Compiler_5.3/bin/../lib/gcc/x86_64-w64-mingw32/5.3.0/../../../../x86_64-w64-mingw32/lib/../lib/libmingw32.a(lib64_libmingw32_a-pseudo-reloc.o) (__RUNTIME_PSEUDO_RELOC_LIST__)
C:/Tools/MinGW_CC++_Compiler_5.3/bin/../lib/gcc/x86_64-w64-mingw32/5.3.0/../../../../x86_64-w64-mingw32/lib/../lib/libmingw32.a(lib64_libmingw32_a-pesect.o)
                              C:/Tools/MinGW_CC++_Compiler_5.3/bin/../lib/gcc/x86_64-w64-mingw32/5.3.0/../../../../x86_64-w64-mingw32/lib/../lib/libmingw32.a(lib64_libmingw32_a-crt_handler.o) (_FindPESectionByName)
C:/Tools/MinGW_CC++_Compiler_5.3/bin/../lib/gcc/x86_64-w64-mingw32/5.3.0/../../../../x86_64-w64-mingw32/lib/../lib/libmingw32.a(lib64_libmingw32_a-CRT_fp10.o)
                              C:/Tools/MinGW_CC++_Compiler_5.3/bin/../lib/gcc/x86_64-w64-mingw32/5.3.0/../../../../x86_64-w64-mingw32/lib/../lib/libmingw32.a(lib64_libmingw32_a-crt_handler.o) (_fpreset)
C:/Tools/MinGW_CC++_Compiler_5.3/bin/../lib/gcc/x86_64-w64-mingw32/5.3.0/libgcc.a(_chkstk_ms.o)
[...]
Memory Configuration

Name             Origin             Length             Attributes
*default*        0x0000000000000000 0xffffffffffffffff

Linker script and memory map

                0x0000000000000000                __image_base__ = 0x0
                0x0000000000000000                __dll__ = 0x0
                0x0000000000000000                __ImageBase = 0x0
                0x0000000000001000                __section_alignment__ = 0x1000
                0x0000000000000200                __file_alignment__ = 0x200
                0x0000000000000004                __major_os_version__ = 0x4
                0x0000000000000000                __minor_os_version__ = 0x0
                0x0000000000000000                __major_image_version__ = 0x0
                0x0000000000000000                __minor_image_version__ = 0x0
                0x0000000000000005                __major_subsystem_version__ = 0x5
                0x0000000000000002                __minor_subsystem_version__ = 0x2
                0x0000000000000003                __subsystem__ = 0x3
                0x0000000000200000                __size_of_stack_reserve__ = 0x200000
                0x0000000000001000                __size_of_stack_commit__ = 0x1000
                0x0000000000100000                __size_of_heap_reserve__ = 0x100000
                0x0000000000001000                __size_of_heap_commit__ = 0x1000
                0x0000000000000000                __loader_flags__ = 0x0
                0x0000000000000000                __dll_characteristics__ = 0x0
LOAD C:/Tools/MinGW_CC++_Compiler_5.3/bin/../lib/gcc/x86_64-w64-mingw32/5.3.0/../../../../x86_64-w64-mingw32/lib/../lib/dllcrt2.o
LOAD C:/Tools/MinGW_CC++_Compiler_5.3/bin/../lib/gcc/x86_64-w64-mingw32/5.3.0/crtbegin.o
START GROUP
LOAD .\TLBuild\driver\HostPC64_GCC\driver.o
LOAD .\TLBuild\driver\HostPC64_GCC\driver_fri.o
LOAD .\TLBuild\driver\HostPC64_GCC\driver_pcf.o
LOAD .\TLBuild\driver\HostPC64_GCC\RteIv.o
LOAD .\TLBuild\driver\HostPC64_GCC\Rte.o
LOAD .\TLBuild\driver\HostPC64_GCC\driver_ARfrm.o
LOAD .\TLBuild\driver\HostPC64_GCC\ts_drv.o
LOAD .\TLBuild\driver\HostPC64_GCC\tl_c_cov.o
LOAD C:/Tools/MinGW_CC++_Compiler_5.3/bin/../lib/gcc/x86_64-w64-mingw32/5.3.0/../../../../x86_64-w64-mingw32/lib/../lib/libshlwapi.a
END GROUP
LOAD C:/Tools/MinGW_CC++_Compiler_5.3/bin/../lib/gcc/x86_64-w64-mingw32/5.3.0\libstdc++.a
LOAD C:/Tools/MinGW_CC++_Compiler_5.3/bin/../lib/gcc/x86_64-w64-mingw32/5.3.0/../../../../x86_64-w64-mingw32/lib/../lib/libmingw32.a
LOAD C:/Tools/MinGW_CC++_Compiler_5.3/bin/../lib/gcc/x86_64-w64-mingw32/5.3.0/libgcc.a
LOAD C:/Tools/MinGW_CC++_Compiler_5.3/bin/../lib/gcc/x86_64-w64-mingw32/5.3.0/libgcc_eh.a
LOAD C:/Tools/MinGW_CC++_Compiler_5.3/bin/../lib/gcc/x86_64-w64-mingw32/5.3.0/../../../../x86_64-w64-mingw32/lib/../lib/libmoldname.a
LOAD C:/Tools/MinGW_CC++_Compiler_5.3/bin/../lib/gcc/x86_64-w64-mingw32/5.3.0/../../../../x86_64-w64-mingw32/lib/../lib/libmingwex.a
LOAD C:/Tools/MinGW_CC++_Compiler_5.3/bin/../lib/gcc/x86_64-w64-mingw32/5.3.0/../../../../x86_64-w64-mingw32/lib/../lib/libmsvcrt.a
LOAD C:/Tools/MinGW_CC++_Compiler_5.3/bin/../lib/gcc/x86_64-w64-mingw32/5.3.0/../../../../x86_64-w64-mingw32/lib/../lib/libpthread.dll.a
LOAD C:/Tools/MinGW_CC++_Compiler_5.3/bin/../lib/gcc/x86_64-w64-mingw32/5.3.0/../../../../x86_64-w64-mingw32/lib/../lib/libadvapi32.a
LOAD C:/Tools/MinGW_CC++_Compiler_5.3/bin/../lib/gcc/x86_64-w64-mingw32/5.3.0/../../../../x86_64-w64-mingw32/lib/../lib/libshell32.a
LOAD C:/Tools/MinGW_CC++_Compiler_5.3/bin/../lib/gcc/x86_64-w64-mingw32/5.3.0/../../../../x86_64-w64-mingw32/lib/../lib/libuser32.a
LOAD C:/Tools/MinGW_CC++_Compiler_5.3/bin/../lib/gcc/x86_64-w64-mingw32/5.3.0/../../../../x86_64-w64-mingw32/lib/../lib/libkernel32.a
LOAD C:/Tools/MinGW_CC++_Compiler_5.3/bin/../lib/gcc/x86_64-w64-mingw32/5.3.0/../../../../x86_64-w64-mingw32/lib/../lib/libiconv.a
LOAD C:/Tools/MinGW_CC++_Compiler_5.3/bin/../lib/gcc/x86_64-w64-mingw32/5.3.0/../../../../x86_64-w64-mingw32/lib/../lib/libmingw32.a
LOAD C:/Tools/MinGW_CC++_Compiler_5.3/bin/../lib/gcc/x86_64-w64-mingw32/5.3.0/libgcc.a
LOAD C:/Tools/MinGW_CC++_Compiler_5.3/bin/../lib/gcc/x86_64-w64-mingw32/5.3.0/libgcc_eh.a
LOAD C:/Tools/MinGW_CC++_Compiler_5.3/bin/../lib/gcc/x86_64-w64-mingw32/5.3.0/../../../../x86_64-w64-mingw32/lib/../lib/libmoldname.a
LOAD C:/Tools/MinGW_CC++_Compiler_5.3/bin/../lib/gcc/x86_64-w64-mingw32/5.3.0/../../../../x86_64-w64-mingw32/lib/../lib/libmingwex.a
LOAD C:/Tools/MinGW_CC++_Compiler_5.3/bin/../lib/gcc/x86_64-w64-mingw32/5.3.0/../../../../x86_64-w64-mingw32/lib/../lib/libmsvcrt.a
LOAD C:/Tools/MinGW_CC++_Compiler_5.3/bin/../lib/gcc/x86_64-w64-mingw32/5.3.0/crtend.o
                0x0000000000000408                . = SIZEOF_HEADERS
                0x0000000000001000                . = ALIGN (__section_alignment__)

.text           0x0000000000001000     0x1c00
 *(.init)
 *(.text)
 .text          0x0000000000001000      0x430 C:/Tools/MinGW_CC++_Compiler_5.3/bin/../lib/gcc/x86_64-w64-mingw32/5.3.0/../../../../x86_64-w64-mingw32/lib/../lib/dllcrt2.o
                0x0000000000001050                _CRT_INIT
                0x00000000000013e0                DllMainCRTStartup
 .text          0x0000000000001430       0x80 C:/Tools/MinGW_CC++_Compiler_5.3/bin/../lib/gcc/x86_64-w64-mingw32/5.3.0/crtbegin.o
                0x0000000000001430                .weak._Jv_RegisterClasses.__gcc_register_frame
                0x0000000000001440                __gcc_register_frame
                0x00000000000014a0                __gcc_deregister_frame
 .text          0x00000000000014b0       0x30 .\TLBuild\driver\HostPC64_GCC\driver.o
                0x00000000000014b0                driver_runnable
 .text          0x00000000000014e0        0x0 .\TLBuild\driver\HostPC64_GCC\driver_fri.o
 .text          0x00000000000014e0       0x10 .\TLBuild\driver\HostPC64_GCC\driver_pcf.o
                0x00000000000014e0                CallFcn_a1
 .text          0x00000000000014f0        0x0 .\TLBuild\driver\HostPC64_GCC\RteIv.o
 .text          0x00000000000014f0       0x40 .\TLBuild\driver\HostPC64_GCC\Rte.o
                0x00000000000014f0                Task_driver_runnable
                0x0000000000001500                Rte_Start
                0x0000000000001520                Rte_Stop
 .text          0x0000000000001530       0x10 .\TLBuild\driver\HostPC64_GCC\driver_ARfrm.o
                0x0000000000001530                Task_driver_runnable_Wrapper
 .text          0x0000000000001540       0xc0 .\TLBuild\driver\HostPC64_GCC\ts_drv.o
                0x0000000000001540                DllMain
                0x0000000000001550                TsAppendError
                0x00000000000015a0                HostPC_Init
 .text          0x0000000000001600       0x40 .\TLBuild\driver\HostPC64_GCC\tl_c_cov.o
                0x0000000000001600                TLCodeCovReached
 .text          0x0000000000001640       0xd0 C:/Tools/MinGW_CC++_Compiler_5.3/bin/../lib/gcc/x86_64-w64-mingw32/5.3.0/../../../../x86_64-w64-mingw32/lib/../lib/libmingw32.a(lib64_libmingw32_a-atonexit.o)
                0x0000000000001640                mingw_onexit
                0x00000000000016f0                atexit
 .text          0x0000000000001710       0xc0 C:/Tools/MinGW_CC++_Compiler_5.3/bin/../lib/gcc/x86_64-w64-mingw32/5.3.0/../../../../x86_64-w64-mingw32/lib/../lib/libmingw32.a(lib64_libmingw32_a-gccmain.o)
                0x0000000000001710                __do_global_dtors
                0x0000000000001750                __do_global_ctors
                0x00000000000017b0                __main
 .text          0x00000000000017d0        0x0 C:/Tools/MinGW_CC++_Compiler_5.3/bin/../lib/gcc/x86_64-w64-mingw32/5.3.0/../../../../x86_64-w64-mingw32/lib/../lib/libmingw32.a(lib64_libmingw32_a-natstart.o)
 .text          0x00000000000017d0      0x1e0 C:/Tools/MinGW_CC++_Compiler_5.3/bin/../lib/gcc/x86_64-w64-mingw32/5.3.0/../../../../x86_64-w64-mingw32/lib/../lib/libmingw32.a(lib64_libmingw32_a-gs_support.o)
                0x00000000000017d0                __security_init_cookie
                0x00000000000018b0                __report_gsfailure
 .text          0x00000000000019b0       0xb0 C:/Tools/MinGW_CC++_Compiler_5.3/bin/../lib/gcc/x86_64-w64-mingw32/5.3.0/../../../../x86_64-w64-mingw32/lib/../lib/libmingw32.a(lib64_libmingw32_a-tlssup.o)
                0x00000000000019e0                __dyn_tls_init
                0x0000000000001a50                __tlregdtor
 .text          0x0000000000001a60        0x0 C:/Tools/MinGW_CC++_Compiler_5.3/bin/../lib/gcc/x86_64-w64-mingw32/5.3.0/../../../../x86_64-w64-mingw32/lib/../lib/libmingw32.a(lib64_libmingw32_a-cinitexe.o)
 .text          0x0000000000001a60       0x20 C:/Tools/MinGW_CC++_Compiler_5.3/bin/../lib/gcc/x86_64-w64-mingw32/5.3.0/../../../../x86_64-w64-mingw32/lib/../lib/libmingw32.a(lib64_libmingw32_a-mingw_helpers.o)
                0x0000000000001a60                _decode_pointer
                0x0000000000001a70                _encode_pointer
 .text          0x0000000000001a80      0x4e0 C:/Tools/MinGW_CC++_Compiler_5.3/bin/../lib/gcc/x86_64-w64-mingw32/5.3.0/../../../../x86_64-w64-mingw32/lib/../lib/libmingw32.a(lib64_libmingw32_a-pseudo-reloc.o)
                0x0000000000001c60                _pei386_runtime_relocator
 .text          0x0000000000001f60      0x460 C:/Tools/MinGW_CC++_Compiler_5.3/bin/../lib/gcc/x86_64-w64-mingw32/5.3.0/../../../../x86_64-w64-mingw32/lib/../lib/libmingw32.a(lib64_libmingw32_a-crt_handler.o)
                0x0000000000001f60                __mingw_SEH_error_handler
                0x0000000000002110                __mingw_init_ehandler
                0x0000000000002200                _gnu_exception_handler
 .text          0x00000000000023c0      0x270 C:/Tools/MinGW_CC++_Compiler_5.3/bin/../lib/gcc/x86_64-w64-mingw32/5.3.0/../../../../x86_64-w64-mingw32/lib/../lib/libmingw32.a(lib64_libmingw32_a-tlsthrd.o)
                0x0000000000002430                ___w64_mingwthr_add_key_dtor
                0x00000000000024b0                ___w64_mingwthr_remove_key_dtor
                0x0000000000002550                __mingw_TLScallback
 .text          0x0000000000002630        0x0 C:/Tools/MinGW_CC++_Compiler_5.3/bin/../lib/gcc/x86_64-w64-mingw32/5.3.0/../../../../x86_64-w64-mingw32/lib/../lib/libmingw32.a(lib64_libmingw32_a-tlsmcrt.o)
 .text          0x0000000000002630        0x0 C:/Tools/MinGW_CC++_Compiler_5.3/bin/../lib/gcc/x86_64-w64-mingw32/5.3.0/../../../../x86_64-w64-mingw32/lib/../lib/libmingw32.a(lib64_libmingw32_a-pseudo-reloc-list.o)
 .text          0x0000000000002630      0x3a0 C:/Tools/MinGW_CC++_Compiler_5.3/bin/../lib/gcc/x86_64-w64-mingw32/5.3.0/../../../../x86_64-w64-mingw32/lib/../lib/libmingw32.a(lib64_libmingw32_a-pesect.o)
                0x0000000000002650                _ValidateImageBase
                0x0000000000002670                _FindPESection
                0x00000000000026c0                _FindPESectionByName
                0x0000000000002760                __mingw_GetSectionForAddress
                0x00000000000027b0                __mingw_GetSectionCount
                0x00000000000027f0                _FindPESectionExec
                0x0000000000002880                _GetPEImageBase
                0x00000000000028c0                _IsNonwritableInCurrentImage
                0x0000000000002920                __mingw_enum_import_library_names
 .text          0x00000000000029d0       0x10 C:/Tools/MinGW_CC++_Compiler_5.3/bin/../lib/gcc/x86_64-w64-mingw32/5.3.0/../../../../x86_64-w64-mingw32/lib/../lib/libmingw32.a(lib64_libmingw32_a-CRT_fp10.o)
                0x00000000000029d0                fpreset
                0x00000000000029d0                _fpreset
 .text          0x00000000000029e0       0x40 C:/Tools/MinGW_CC++_Compiler_5.3/bin/../lib/gcc/x86_64-w64-mingw32/5.3.0/libgcc.a(_chkstk_ms.o)
                0x00000000000029e0                ___chkstk_ms
 .text          0x0000000000002a20        0x0 C:/Tools/MinGW_CC++_Compiler_5.3/bin/../lib/gcc/x86_64-w64-mingw32/5.3.0/libgcc.a(_ctors.o)
 .text          0x0000000000002a20       0x10 C:/Tools/MinGW_CC++_Compiler_5.3/bin/../lib/gcc/x86_64-w64-mingw32/5.3.0/../../../../x86_64-w64-mingw32/lib/../lib/libmingwex.a(lib64_libmingwex_a-dllentry.o)
                0x0000000000002a20                DllEntryPoint
 .text          0x0000000000002a30        0x8 C:/Tools/MinGW_CC++_Compiler_5.3/bin/../lib/gcc/x86_64-w64-mingw32/5.3.0/../../../../x86_64-w64-mingw32/lib/../lib/libmsvcrt.a(dkpfs01239.o)
                0x0000000000002a30                vfprintf
 .text          0x0000000000002a38        0x8 C:/Tools/MinGW_CC++_Compiler_5.3/bin/../lib/gcc/x86_64-w64-mingw32/5.3.0/../../../../x86_64-w64-mingw32/lib/../lib/libmsvcrt.a(dkpfs01207.o)
                0x0000000000002a38                strncmp
 .text          0x0000000000002a40        0x8 C:/Tools/MinGW_CC++_Compiler_5.3/bin/../lib/gcc/x86_64-w64-mingw32/5.3.0/../../../../x86_64-w64-mingw32/lib/../lib/libmsvcrt.a(dkpfs01204.o)
                0x0000000000002a40                strlen
 .text          0x0000000000002a48        0x8 C:/Tools/MinGW_CC++_Compiler_5.3/bin/../lib/gcc/x86_64-w64-mingw32/5.3.0/../../../../x86_64-w64-mingw32/lib/../lib/libmsvcrt.a(dkpfs01183.o)
                0x0000000000002a48                signal
 .text          0x0000000000002a50        0x8 C:/Tools/MinGW_CC++_Compiler_5.3/bin/../lib/gcc/x86_64-w64-mingw32/5.3.0/../../../../x86_64-w64-mingw32/lib/../lib/libmsvcrt.a(dkpfs01153.o)
                0x0000000000002a50                memcpy
 .text          0x0000000000002a58        0x8 C:/Tools/MinGW_CC++_Compiler_5.3/bin/../lib/gcc/x86_64-w64-mingw32/5.3.0/../../../../x86_64-w64-mingw32/lib/../lib/libmsvcrt.a(dkpfs01145.o)
                0x0000000000002a58                malloc
 .text          0x0000000000002a60        0x8 C:/Tools/MinGW_CC++_Compiler_5.3/bin/../lib/gcc/x86_64-w64-mingw32/5.3.0/../../../../x86_64-w64-mingw32/lib/../lib/libmsvcrt.a(dkpfs01097.o)
                0x0000000000002a60                fwrite
 .text          0x0000000000002a68        0x8 C:/Tools/MinGW_CC++_Compiler_5.3/bin/../lib/gcc/x86_64-w64-mingw32/5.3.0/../../../../x86_64-w64-mingw32/lib/../lib/libmsvcrt.a(dkpfs01086.o)
                0x0000000000002a68                free
 .text          0x0000000000002a70        0x8 C:/Tools/MinGW_CC++_Compiler_5.3/bin/../lib/gcc/x86_64-w64-mingw32/5.3.0/../../../../x86_64-w64-mingw32/lib/../lib/libmsvcrt.a(dkpfs01047.o)
                0x0000000000002a70                calloc
 .text          0x0000000000002a78        0x8 C:/Tools/MinGW_CC++_Compiler_5.3/bin/../lib/gcc/x86_64-w64-mingw32/5.3.0/../../../../x86_64-w64-mingw32/lib/../lib/libmsvcrt.a(dkpfs01030.o)
                0x0000000000002a78                abort
 .text          0x0000000000002a80        0x8 C:/Tools/MinGW_CC++_Compiler_5.3/bin/../lib/gcc/x86_64-w64-mingw32/5.3.0/../../../../x86_64-w64-mingw32/lib/../lib/libmsvcrt.a(dkpfs00819.o)
                0x0000000000002a80                _unlock
 .text          0x0000000000002a88        0x8 C:/Tools/MinGW_CC++_Compiler_5.3/bin/../lib/gcc/x86_64-w64-mingw32/5.3.0/../../../../x86_64-w64-mingw32/lib/../lib/libmsvcrt.a(dkpfs00611.o)
                0x0000000000002a88                _onexit
 .text          0x0000000000002a90        0x8 C:/Tools/MinGW_CC++_Compiler_5.3/bin/../lib/gcc/x86_64-w64-mingw32/5.3.0/../../../../x86_64-w64-mingw32/lib/../lib/libmsvcrt.a(dkpfs00439.o)
                0x0000000000002a90                _lock
 .text          0x0000000000002a98        0x8 C:/Tools/MinGW_CC++_Compiler_5.3/bin/../lib/gcc/x86_64-w64-mingw32/5.3.0/../../../../x86_64-w64-mingw32/lib/../lib/libmsvcrt.a(dkpfs00330.o)
                0x0000000000002a98                _initterm
 .text          0x0000000000002aa0        0x8 C:/Tools/MinGW_CC++_Compiler_5.3/bin/../lib/gcc/x86_64-w64-mingw32/5.3.0/../../../../x86_64-w64-mingw32/lib/../lib/libmsvcrt.a(dkpfs00122.o)
                0x0000000000002aa0                _amsg_exit
 .text          0x0000000000002aa8        0x8 C:/Tools/MinGW_CC++_Compiler_5.3/bin/../lib/gcc/x86_64-w64-mingw32/5.3.0/../../../../x86_64-w64-mingw32/lib/../lib/libmsvcrt.a(dkpfs00083.o)
                0x0000000000002aa8                __iob_func
 .text          0x0000000000002ab0        0x8 C:/Tools/MinGW_CC++_Compiler_5.3/bin/../lib/gcc/x86_64-w64-mingw32/5.3.0/../../../../x86_64-w64-mingw32/lib/../lib/libmsvcrt.a(dkpfs00078.o)
                0x0000000000002ab0                __dllonexit
 *fill*         0x0000000000002ab8        0x8 
 .text          0x0000000000002ac0        0x0 C:/Tools/MinGW_CC++_Compiler_5.3/bin/../lib/gcc/x86_64-w64-mingw32/5.3.0/../../../../x86_64-w64-mingw32/lib/../lib/libmsvcrt.a(dkpfh.o)
 .text          0x0000000000002ac0        0x0 C:/Tools/MinGW_CC++_Compiler_5.3/bin/../lib/gcc/x86_64-w64-mingw32/5.3.0/../../../../x86_64-w64-mingw32/lib/../lib/libmsvcrt.a(dkpft.o)
 .text          0x0000000000002ac0        0x8 C:/Tools/MinGW_CC++_Compiler_5.3/bin/../lib/gcc/x86_64-w64-mingw32/5.3.0/../../../../x86_64-w64-mingw32/lib/../lib/libkernel32.a(dqmfs01266.o)
                0x0000000000002ac0                VirtualQuery
 .text          0x0000000000002ac8        0x8 C:/Tools/MinGW_CC++_Compiler_5.3/bin/../lib/gcc/x86_64-w64-mingw32/5.3.0/../../../../x86_64-w64-mingw32/lib/../lib/libkernel32.a(dqmfs01264.o)
                0x0000000000002ac8                VirtualProtect
 .text          0x0000000000002ad0        0x8 C:/Tools/MinGW_CC++_Compiler_5.3/bin/../lib/gcc/x86_64-w64-mingw32/5.3.0/../../../../x86_64-w64-mingw32/lib/../lib/libkernel32.a(dqmfs01234.o)
                0x0000000000002ad0                UnhandledExceptionFilter
 .text          0x0000000000002ad8        0x8 C:/Tools/MinGW_CC++_Compiler_5.3/bin/../lib/gcc/x86_64-w64-mingw32/5.3.0/../../../../x86_64-w64-mingw32/lib/../lib/libkernel32.a(dqmfs01221.o)
                0x0000000000002ad8                TlsGetValue
 .text          0x0000000000002ae0        0x8 C:/Tools/MinGW_CC++_Compiler_5.3/bin/../lib/gcc/x86_64-w64-mingw32/5.3.0/../../../../x86_64-w64-mingw32/lib/../lib/libkernel32.a(dqmfs01214.o)
                0x0000000000002ae0                TerminateProcess
 .text          0x0000000000002ae8        0x8 C:/Tools/MinGW_CC++_Compiler_5.3/bin/../lib/gcc/x86_64-w64-mingw32/5.3.0/../../../../x86_64-w64-mingw32/lib/../lib/libkernel32.a(dqmfs01200.o)
                0x0000000000002ae8                Sleep
 .text          0x0000000000002af0        0x8 C:/Tools/MinGW_CC++_Compiler_5.3/bin/../lib/gcc/x86_64-w64-mingw32/5.3.0/../../../../x86_64-w64-mingw32/lib/../lib/libkernel32.a(dqmfs01187.o)
                0x0000000000002af0                SetUnhandledExceptionFilter
 .text          0x0000000000002af8        0x8 C:/Tools/MinGW_CC++_Compiler_5.3/bin/../lib/gcc/x86_64-w64-mingw32/5.3.0/../../../../x86_64-w64-mingw32/lib/../lib/libkernel32.a(dqmfs01044.o)
                0x0000000000002af8                RtlVirtualUnwind
 .text          0x0000000000002b00        0x8 C:/Tools/MinGW_CC++_Compiler_5.3/bin/../lib/gcc/x86_64-w64-mingw32/5.3.0/../../../../x86_64-w64-mingw32/lib/../lib/libkernel32.a(dqmfs01037.o)
                0x0000000000002b00                RtlLookupFunctionEntry
 .text          0x0000000000002b08        0x8 C:/Tools/MinGW_CC++_Compiler_5.3/bin/../lib/gcc/x86_64-w64-mingw32/5.3.0/../../../../x86_64-w64-mingw32/lib/../lib/libkernel32.a(dqmfs01030.o)
                0x0000000000002b08                RtlCaptureContext
 .text          0x0000000000002b10        0x8 C:/Tools/MinGW_CC++_Compiler_5.3/bin/../lib/gcc/x86_64-w64-mingw32/5.3.0/../../../../x86_64-w64-mingw32/lib/../lib/libkernel32.a(dqmfs01029.o)
                0x0000000000002b10                RtlAddFunctionTable
 .text          0x0000000000002b18        0x8 C:/Tools/MinGW_CC++_Compiler_5.3/bin/../lib/gcc/x86_64-w64-mingw32/5.3.0/../../../../x86_64-w64-mingw32/lib/../lib/libkernel32.a(dqmfs00958.o)
                0x0000000000002b18                QueryPerformanceCounter
 .text          0x0000000000002b20        0x8 C:/Tools/MinGW_CC++_Compiler_5.3/bin/../lib/gcc/x86_64-w64-mingw32/5.3.0/../../../../x86_64-w64-mingw32/lib/../lib/libkernel32.a(dqmfs00844.o)
                0x0000000000002b20                LeaveCriticalSection
 .text          0x0000000000002b28        0x8 C:/Tools/MinGW_CC++_Compiler_5.3/bin/../lib/gcc/x86_64-w64-mingw32/5.3.0/../../../../x86_64-w64-mingw32/lib/../lib/libkernel32.a(dqmfs00762.o)
                0x0000000000002b28                InitializeCriticalSection
 .text          0x0000000000002b30        0x8 C:/Tools/MinGW_CC++_Compiler_5.3/bin/../lib/gcc/x86_64-w64-mingw32/5.3.0/../../../../x86_64-w64-mingw32/lib/../lib/libkernel32.a(dqmfs00678.o)
                0x0000000000002b30                GetTickCount
 .text          0x0000000000002b38        0x8 C:/Tools/MinGW_CC++_Compiler_5.3/bin/../lib/gcc/x86_64-w64-mingw32/5.3.0/../../../../x86_64-w64-mingw32/lib/../lib/libkernel32.a(dqmfs00651.o)
                0x0000000000002b38                GetSystemTimeAsFileTime
 .text          0x0000000000002b40        0x8 C:/Tools/MinGW_CC++_Compiler_5.3/bin/../lib/gcc/x86_64-w64-mingw32/5.3.0/../../../../x86_64-w64-mingw32/lib/../lib/libkernel32.a(dqmfs00599.o)
                0x0000000000002b40                GetProcAddress
 .text          0x0000000000002b48        0x8 C:/Tools/MinGW_CC++_Compiler_5.3/bin/../lib/gcc/x86_64-w64-mingw32/5.3.0/../../../../x86_64-w64-mingw32/lib/../lib/libkernel32.a(dqmfs00549.o)
                0x0000000000002b48                GetModuleHandleA
 .text          0x0000000000002b50        0x8 C:/Tools/MinGW_CC++_Compiler_5.3/bin/../lib/gcc/x86_64-w64-mingw32/5.3.0/../../../../x86_64-w64-mingw32/lib/../lib/libkernel32.a(dqmfs00529.o)
                0x0000000000002b50                GetLastError
 .text          0x0000000000002b58        0x8 C:/Tools/MinGW_CC++_Compiler_5.3/bin/../lib/gcc/x86_64-w64-mingw32/5.3.0/../../../../x86_64-w64-mingw32/lib/../lib/libkernel32.a(dqmfs00467.o)
                0x0000000000002b58                GetCurrentThreadId
 .text          0x0000000000002b60        0x8 C:/Tools/MinGW_CC++_Compiler_5.3/bin/../lib/gcc/x86_64-w64-mingw32/5.3.0/../../../../x86_64-w64-mingw32/lib/../lib/libkernel32.a(dqmfs00463.o)
                0x0000000000002b60                GetCurrentProcessId
 .text          0x0000000000002b68        0x8 C:/Tools/MinGW_CC++_Compiler_5.3/bin/../lib/gcc/x86_64-w64-mingw32/5.3.0/../../../../x86_64-w64-mingw32/lib/../lib/libkernel32.a(dqmfs00462.o)
                0x0000000000002b68                GetCurrentProcess
 .text          0x0000000000002b70        0x8 C:/Tools/MinGW_CC++_Compiler_5.3/bin/../lib/gcc/x86_64-w64-mingw32/5.3.0/../../../../x86_64-w64-mingw32/lib/../lib/libkernel32.a(dqmfs00249.o)
                0x0000000000002b70                EnterCriticalSection
 .text          0x0000000000002b78        0x8 C:/Tools/MinGW_CC++_Compiler_5.3/bin/../lib/gcc/x86_64-w64-mingw32/5.3.0/../../../../x86_64-w64-mingw32/lib/../lib/libkernel32.a(dqmfs00216.o)
                0x0000000000002b78                DeleteCriticalSection
 .text          0x0000000000002b80        0x0 C:/Tools/MinGW_CC++_Compiler_5.3/bin/../lib/gcc/x86_64-w64-mingw32/5.3.0/../../../../x86_64-w64-mingw32/lib/../lib/libkernel32.a(dqmfh.o)
 .text          0x0000000000002b80        0x0 C:/Tools/MinGW_CC++_Compiler_5.3/bin/../lib/gcc/x86_64-w64-mingw32/5.3.0/../../../../x86_64-w64-mingw32/lib/../lib/libkernel32.a(dqmft.o)
 .text          0x0000000000002b80        0x0 C:/Tools/MinGW_CC++_Compiler_5.3/bin/../lib/gcc/x86_64-w64-mingw32/5.3.0/crtend.o
 *(SORT(.text$*))
 *(.text.*)
 .text.unlikely
                0x0000000000002b80        0x0 C:/Tools/MinGW_CC++_Compiler_5.3/bin/../lib/gcc/x86_64-w64-mingw32/5.3.0/../../../../x86_64-w64-mingw32/lib/../lib/dllcrt2.o
 .text.unlikely
                0x0000000000002b80        0x0 C:/Tools/MinGW_CC++_Compiler_5.3/bin/../lib/gcc/x86_64-w64-mingw32/5.3.0/crtbegin.o
 .text.unlikely
                0x0000000000002b80        0x0 .\TLBuild\driver\HostPC64_GCC\driver.o
 .text.unlikely
                0x0000000000002b80        0x0 .\TLBuild\driver\HostPC64_GCC\driver_pcf.o
 .text.unlikely
                0x0000000000002b80        0x0 .\TLBuild\driver\HostPC64_GCC\Rte.o
 .text.unlikely
                0x0000000000002b80        0x0 .\TLBuild\driver\HostPC64_GCC\driver_ARfrm.o
 .text.unlikely
                0x0000000000002b80        0x0 .\TLBuild\driver\HostPC64_GCC\ts_drv.o
 .text.unlikely
                0x0000000000002b80        0x0 .\TLBuild\driver\HostPC64_GCC\tl_c_cov.o
 .text.unlikely
                0x0000000000002b80        0x0 C:/Tools/MinGW_CC++_Compiler_5.3/bin/../lib/gcc/x86_64-w64-mingw32/5.3.0/../../../../x86_64-w64-mingw32/lib/../lib/libmingw32.a(lib64_libmingw32_a-atonexit.o)
 .text.unlikely
                0x0000000000002b80        0x0 C:/Tools/MinGW_CC++_Compiler_5.3/bin/../lib/gcc/x86_64-w64-mingw32/5.3.0/../../../../x86_64-w64-mingw32/lib/../lib/libmingw32.a(lib64_libmingw32_a-gccmain.o)
 .text.unlikely
                0x0000000000002b80        0x0 C:/Tools/MinGW_CC++_Compiler_5.3/bin/../lib/gcc/x86_64-w64-mingw32/5.3.0/../../../../x86_64-w64-mingw32/lib/../lib/libmingw32.a(lib64_libmingw32_a-gs_support.o)
 .text.unlikely
                0x0000000000002b80        0x0 C:/Tools/MinGW_CC++_Compiler_5.3/bin/../lib/gcc/x86_64-w64-mingw32/5.3.0/../../../../x86_64-w64-mingw32/lib/../lib/libmingw32.a(lib64_libmingw32_a-tlssup.o)
 .text.unlikely
                0x0000000000002b80        0x0 C:/Tools/MinGW_CC++_Compiler_5.3/bin/../lib/gcc/x86_64-w64-mingw32/5.3.0/../../../../x86_64-w64-mingw32/lib/../lib/libmingw32.a(lib64_libmingw32_a-mingw_helpers.o)
 .text.unlikely
                0x0000000000002b80        0x0 C:/Tools/MinGW_CC++_Compiler_5.3/bin/../lib/gcc/x86_64-w64-mingw32/5.3.0/../../../../x86_64-w64-mingw32/lib/../lib/libmingw32.a(lib64_libmingw32_a-pseudo-reloc.o)
 .text.unlikely
                0x0000000000002b80        0x0 C:/Tools/MinGW_CC++_Compiler_5.3/bin/../lib/gcc/x86_64-w64-mingw32/5.3.0/../../../../x86_64-w64-mingw32/lib/../lib/libmingw32.a(lib64_libmingw32_a-crt_handler.o)
 .text.unlikely
                0x0000000000002b80        0x0 C:/Tools/MinGW_CC++_Compiler_5.3/bin/../lib/gcc/x86_64-w64-mingw32/5.3.0/../../../../x86_64-w64-mingw32/lib/../lib/libmingw32.a(lib64_libmingw32_a-tlsthrd.o)
 .text.unlikely
                0x0000000000002b80        0x0 C:/Tools/MinGW_CC++_Compiler_5.3/bin/../lib/gcc/x86_64-w64-mingw32/5.3.0/../../../../x86_64-w64-mingw32/lib/../lib/libmingw32.a(lib64_libmingw32_a-pesect.o)
 .text.unlikely
                0x0000000000002b80        0x0 C:/Tools/MinGW_CC++_Compiler_5.3/bin/../lib/gcc/x86_64-w64-mingw32/5.3.0/../../../../x86_64-w64-mingw32/lib/../lib/libmingw32.a(lib64_libmingw32_a-CRT_fp10.o)
 .text.unlikely
                0x0000000000002b80        0x0 C:/Tools/MinGW_CC++_Compiler_5.3/bin/../lib/gcc/x86_64-w64-mingw32/5.3.0/../../../../x86_64-w64-mingw32/lib/../lib/libmingwex.a(lib64_libmingwex_a-dllentry.o)
 .text.unlikely
                0x0000000000002b80        0x0 C:/Tools/MinGW_CC++_Compiler_5.3/bin/../lib/gcc/x86_64-w64-mingw32/5.3.0/crtend.o
 .text.startup  0x0000000000002b80       0x10 C:/Tools/MinGW_CC++_Compiler_5.3/bin/../lib/gcc/x86_64-w64-mingw32/5.3.0/crtend.o
 *(.gnu.linkonce.t.*)
 *(.glue_7t)
 *(.glue_7)
                0x0000000000002b90                . = ALIGN (0x8)
                0x0000000000002b90                ___CTOR_LIST__ = .
                0x0000000000002b90                __CTOR_LIST__ = .
                0x0000000000002b90        0x4 LONG 0xffffffffffffffff
                0x0000000000002b94        0x4 LONG 0xffffffffffffffff
 *(.ctors)
 *(.ctor)
 *(SORT(.ctors.*))
 .ctors.65535   0x0000000000002b98        0x8 C:/Tools/MinGW_CC++_Compiler_5.3/bin/../lib/gcc/x86_64-w64-mingw32/5.3.0/crtend.o
                0x0000000000002ba0        0x4 LONG 0x0
                0x0000000000002ba4        0x4 LONG 0x0
                0x0000000000002ba8                ___DTOR_LIST__ = .
                0x0000000000002ba8                __DTOR_LIST__ = .
                0x0000000000002ba8        0x4 LONG 0xffffffffffffffff
                0x0000000000002bac        0x4 LONG 0xffffffffffffffff
 *(.dtors)
 *(.dtor)
 *(SORT(.dtors.*))
                0x0000000000002bb0        0x4 LONG 0x0
                0x0000000000002bb4        0x4 LONG 0x0
 *(.fini)
 *(.gcc_exc)
                0x0000000000002bb8                PROVIDE (etext, .)
 *(.gcc_except_table)

.data           0x0000000000003000      0x200
                0x0000000000003000                __data_start__ = .
 *(.data)
 .data          0x0000000000003000        0x0 C:/Tools/MinGW_CC++_Compiler_5.3/bin/../lib/gcc/x86_64-w64-mingw32/5.3.0/../../../../x86_64-w64-mingw32/lib/../lib/dllcrt2.o
 .data          0x0000000000003000        0x0 C:/Tools/MinGW_CC++_Compiler_5.3/bin/../lib/gcc/x86_64-w64-mingw32/5.3.0/crtbegin.o
 .data          0x0000000000003000        0x0 .\TLBuild\driver\HostPC64_GCC\driver.o
 .data          0x0000000000003000        0x0 .\TLBuild\driver\HostPC64_GCC\driver_fri.o
 .data          0x0000000000003000        0x0 .\TLBuild\driver\HostPC64_GCC\driver_pcf.o
 .data          0x0000000000003000        0x0 .\TLBuild\driver\HostPC64_GCC\RteIv.o
 .data          0x0000000000003000       0x10 .\TLBuild\driver\HostPC64_GCC\Rte.o
                0x0000000000003000                Rte_Inst_driver_SoftwareComponent
 .data          0x0000000000003010        0x0 .\TLBuild\driver\HostPC64_GCC\driver_ARfrm.o
 .data          0x0000000000003010        0x0 .\TLBuild\driver\HostPC64_GCC\ts_drv.o
 .data          0x0000000000003010        0x0 .\TLBuild\driver\HostPC64_GCC\tl_c_cov.o
 .data          0x0000000000003010        0x0 C:/Tools/MinGW_CC++_Compiler_5.3/bin/../lib/gcc/x86_64-w64-mingw32/5.3.0/../../../../x86_64-w64-mingw32/lib/../lib/libmingw32.a(lib64_libmingw32_a-atonexit.o)
 .data          0x0000000000003010       0x10 C:/Tools/MinGW_CC++_Compiler_5.3/bin/../lib/gcc/x86_64-w64-mingw32/5.3.0/../../../../x86_64-w64-mingw32/lib/../lib/libmingw32.a(lib64_libmingw32_a-gccmain.o)
 .data          0x0000000000003020       0x10 C:/Tools/MinGW_CC++_Compiler_5.3/bin/../lib/gcc/x86_64-w64-mingw32/5.3.0/../../../../x86_64-w64-mingw32/lib/../lib/libmingw32.a(lib64_libmingw32_a-natstart.o)
                0x0000000000003020                __native_vcclrit_reason
                0x0000000000003024                __native_dllmain_reason
 .data          0x0000000000003030        0x0 C:/Tools/MinGW_CC++_Compiler_5.3/bin/../lib/gcc/x86_64-w64-mingw32/5.3.0/../../../../x86_64-w64-mingw32/lib/../lib/libmingw32.a(lib64_libmingw32_a-gs_support.o)
 .data          0x0000000000003030        0x0 C:/Tools/MinGW_CC++_Compiler_5.3/bin/../lib/gcc/x86_64-w64-mingw32/5.3.0/../../../../x86_64-w64-mingw32/lib/../lib/libmingw32.a(lib64_libmingw32_a-tlssup.o)
 .data          0x0000000000003030        0x0 C:/Tools/MinGW_CC++_Compiler_5.3/bin/../lib/gcc/x86_64-w64-mingw32/5.3.0/../../../../x86_64-w64-mingw32/lib/../lib/libmingw32.a(lib64_libmingw32_a-cinitexe.o)
 .data          0x0000000000003030        0x0 C:/Tools/MinGW_CC++_Compiler_5.3/bin/../lib/gcc/x86_64-w64-mingw32/5.3.0/../../../../x86_64-w64-mingw32/lib/../lib/libmingw32.a(lib64_libmingw32_a-mingw_helpers.o)
 .data          0x0000000000003030        0x0 C:/Tools/MinGW_CC++_Compiler_5.3/bin/../lib/gcc/x86_64-w64-mingw32/5.3.0/../../../../x86_64-w64-mingw32/lib/../lib/libmingw32.a(lib64_libmingw32_a-pseudo-reloc.o)
 .data          0x0000000000003030        0x0 C:/Tools/MinGW_CC++_Compiler_5.3/bin/../lib/gcc/x86_64-w64-mingw32/5.3.0/../../../../x86_64-w64-mingw32/lib/../lib/libmingw32.a(lib64_libmingw32_a-crt_handler.o)
 .data          0x0000000000003030        0x0 C:/Tools/MinGW_CC++_Compiler_5.3/bin/../lib/gcc/x86_64-w64-mingw32/5.3.0/../../../../x86_64-w64-mingw32/lib/../lib/libmingw32.a(lib64_libmingw32_a-tlsthrd.o)
 .data          0x0000000000003030       0x10 C:/Tools/MinGW_CC++_Compiler_5.3/bin/../lib/gcc/x86_64-w64-mingw32/5.3.0/../../../../x86_64-w64-mingw32/lib/../lib/libmingw32.a(lib64_libmingw32_a-tlsmcrt.o)
                0x0000000000003030                _CRT_MT
 .data          0x0000000000003040        0x0 C:/Tools/MinGW_CC++_Compiler_5.3/bin/../lib/gcc/x86_64-w64-mingw32/5.3.0/../../../../x86_64-w64-mingw32/lib/../lib/libmingw32.a(lib64_libmingw32_a-pseudo-reloc-list.o)
 .data          0x0000000000003040        0x0 C:/Tools/MinGW_CC++_Compiler_5.3/bin/../lib/gcc/x86_64-w64-mingw32/5.3.0/../../../../x86_64-w64-mingw32/lib/../lib/libmingw32.a(lib64_libmingw32_a-pesect.o)
 .data          0x0000000000003040        0x0 C:/Tools/MinGW_CC++_Compiler_5.3/bin/../lib/gcc/x86_64-w64-mingw32/5.3.0/../../../../x86_64-w64-mingw32/lib/../lib/libmingw32.a(lib64_libmingw32_a-CRT_fp10.o)
 .data          0x0000000000003040        0x0 C:/Tools/MinGW_CC++_Compiler_5.3/bin/../lib/gcc/x86_64-w64-mingw32/5.3.0/libgcc.a(_chkstk_ms.o)
 .data          0x0000000000003040        0x0 C:/Tools/MinGW_CC++_Compiler_5.3/bin/../lib/gcc/x86_64-w64-mingw32/5.3.0/libgcc.a(_ctors.o)
 .data          0x0000000000003040        0x0 C:/Tools/MinGW_CC++_Compiler_5.3/bin/../lib/gcc/x86_64-w64-mingw32/5.3.0/../../../../x86_64-w64-mingw32/lib/../lib/libmingwex.a(lib64_libmingwex_a-dllentry.o)
 .data          0x0000000000003040        0x0 C:/Tools/MinGW_CC++_Compiler_5.3/bin/../lib/gcc/x86_64-w64-mingw32/5.3.0/../../../../x86_64-w64-mingw32/lib/../lib/libmsvcrt.a(dkpfs01239.o)
 .data          0x0000000000003040        0x0 C:/Tools/MinGW_CC++_Compiler_5.3/bin/../lib/gcc/x86_64-w64-mingw32/5.3.0/../../../../x86_64-w64-mingw32/lib/../lib/libmsvcrt.a(dkpfs01207.o)
 .data          0x0000000000003040        0x0 C:/Tools/MinGW_CC++_Compiler_5.3/bin/../lib/gcc/x86_64-w64-mingw32/5.3.0/../../../../x86_64-w64-mingw32/lib/../lib/libmsvcrt.a(dkpfs01204.o)
 .data          0x0000000000003040        0x0 C:/Tools/MinGW_CC++_Compiler_5.3/bin/../lib/gcc/x86_64-w64-mingw32/5.3.0/../../../../x86_64-w64-mingw32/lib/../lib/libmsvcrt.a(dkpfs01183.o)
 .data          0x0000000000003040        0x0 C:/Tools/MinGW_CC++_Compiler_5.3/bin/../lib/gcc/x86_64-w64-mingw32/5.3.0/../../../../x86_64-w64-mingw32/lib/../lib/libmsvcrt.a(dkpfs01153.o)
 .data          0x0000000000003040        0x0 C:/Tools/MinGW_CC++_Compiler_5.3/bin/../lib/gcc/x86_64-w64-mingw32/5.3.0/../../../../x86_64-w64-mingw32/lib/../lib/libmsvcrt.a(dkpfs01145.o)
 .data          0x0000000000003040        0x0 C:/Tools/MinGW_CC++_Compiler_5.3/bin/../lib/gcc/x86_64-w64-mingw32/5.3.0/../../../../x86_64-w64-mingw32/lib/../lib/libmsvcrt.a(dkpfs01097.o)
 .data          0x0000000000003040        0x0 C:/Tools/MinGW_CC++_Compiler_5.3/bin/../lib/gcc/x86_64-w64-mingw32/5.3.0/../../../../x86_64-w64-mingw32/lib/../lib/libmsvcrt.a(dkpfs01086.o)
 .data          0x0000000000003040        0x0 C:/Tools/MinGW_CC++_Compiler_5.3/bin/../lib/gcc/x86_64-w64-mingw32/5.3.0/../../../../x86_64-w64-mingw32/lib/../lib/libmsvcrt.a(dkpfs01047.o)
 .data          0x0000000000003040        0x0 C:/Tools/MinGW_CC++_Compiler_5.3/bin/../lib/gcc/x86_64-w64-mingw32/5.3.0/../../../../x86_64-w64-mingw32/lib/../lib/libmsvcrt.a(dkpfs01030.o)
 .data          0x0000000000003040        0x0 C:/Tools/MinGW_CC++_Compiler_5.3/bin/../lib/gcc/x86_64-w64-mingw32/5.3.0/../../../../x86_64-w64-mingw32/lib/../lib/libmsvcrt.a(dkpfs00819.o)
 .data          0x0000000000003040        0x0 C:/Tools/MinGW_CC++_Compiler_5.3/bin/../lib/gcc/x86_64-w64-mingw32/5.3.0/../../../../x86_64-w64-mingw32/lib/../lib/libmsvcrt.a(dkpfs00611.o)
 .data          0x0000000000003040        0x0 C:/Tools/MinGW_CC++_Compiler_5.3/bin/../lib/gcc/x86_64-w64-mingw32/5.3.0/../../../../x86_64-w64-mingw32/lib/../lib/libmsvcrt.a(dkpfs00439.o)
 .data          0x0000000000003040        0x0 C:/Tools/MinGW_CC++_Compiler_5.3/bin/../lib/gcc/x86_64-w64-mingw32/5.3.0/../../../../x86_64-w64-mingw32/lib/../lib/libmsvcrt.a(dkpfs00330.o)
 .data          0x0000000000003040        0x0 C:/Tools/MinGW_CC++_Compiler_5.3/bin/../lib/gcc/x86_64-w64-mingw32/5.3.0/../../../../x86_64-w64-mingw32/lib/../lib/libmsvcrt.a(dkpfs00122.o)
 .data          0x0000000000003040        0x0 C:/Tools/MinGW_CC++_Compiler_5.3/bin/../lib/gcc/x86_64-w64-mingw32/5.3.0/../../../../x86_64-w64-mingw32/lib/../lib/libmsvcrt.a(dkpfs00083.o)
 .data          0x0000000000003040        0x0 C:/Tools/MinGW_CC++_Compiler_5.3/bin/../lib/gcc/x86_64-w64-mingw32/5.3.0/../../../../x86_64-w64-mingw32/lib/../lib/libmsvcrt.a(dkpfs00078.o)
 .data          0x0000000000003040        0x0 C:/Tools/MinGW_CC++_Compiler_5.3/bin/../lib/gcc/x86_64-w64-mingw32/5.3.0/../../../../x86_64-w64-mingw32/lib/../lib/libmsvcrt.a(dkpfh.o)
 .data          0x0000000000003040        0x0 C:/Tools/MinGW_CC++_Compiler_5.3/bin/../lib/gcc/x86_64-w64-mingw32/5.3.0/../../../../x86_64-w64-mingw32/lib/../lib/libmsvcrt.a(dkpft.o)
 .data          0x0000000000003040        0x0 C:/Tools/MinGW_CC++_Compiler_5.3/bin/../lib/gcc/x86_64-w64-mingw32/5.3.0/../../../../x86_64-w64-mingw32/lib/../lib/libkernel32.a(dqmfs01266.o)
 .data          0x0000000000003040        0x0 C:/Tools/MinGW_CC++_Compiler_5.3/bin/../lib/gcc/x86_64-w64-mingw32/5.3.0/../../../../x86_64-w64-mingw32/lib/../lib/libkernel32.a(dqmfs01264.o)
 .data          0x0000000000003040        0x0 C:/Tools/MinGW_CC++_Compiler_5.3/bin/../lib/gcc/x86_64-w64-mingw32/5.3.0/../../../../x86_64-w64-mingw32/lib/../lib/libkernel32.a(dqmfs01234.o)
 .data          0x0000000000003040        0x0 C:/Tools/MinGW_CC++_Compiler_5.3/bin/../lib/gcc/x86_64-w64-mingw32/5.3.0/../../../../x86_64-w64-mingw32/lib/../lib/libkernel32.a(dqmfs01221.o)
 .data          0x0000000000003040        0x0 C:/Tools/MinGW_CC++_Compiler_5.3/bin/../lib/gcc/x86_64-w64-mingw32/5.3.0/../../../../x86_64-w64-mingw32/lib/../lib/libkernel32.a(dqmfs01214.o)
 .data          0x0000000000003040        0x0 C:/Tools/MinGW_CC++_Compiler_5.3/bin/../lib/gcc/x86_64-w64-mingw32/5.3.0/../../../../x86_64-w64-mingw32/lib/../lib/libkernel32.a(dqmfs01200.o)
 .data          0x0000000000003040        0x0 C:/Tools/MinGW_CC++_Compiler_5.3/bin/../lib/gcc/x86_64-w64-mingw32/5.3.0/../../../../x86_64-w64-mingw32/lib/../lib/libkernel32.a(dqmfs01187.o)
 .data          0x0000000000003040        0x0 C:/Tools/MinGW_CC++_Compiler_5.3/bin/../lib/gcc/x86_64-w64-mingw32/5.3.0/../../../../x86_64-w64-mingw32/lib/../lib/libkernel32.a(dqmfs01044.o)
 .data          0x0000000000003040        0x0 C:/Tools/MinGW_CC++_Compiler_5.3/bin/../lib/gcc/x86_64-w64-mingw32/5.3.0/../../../../x86_64-w64-mingw32/lib/../lib/libkernel32.a(dqmfs01037.o)
 .data          0x0000000000003040        0x0 C:/Tools/MinGW_CC++_Compiler_5.3/bin/../lib/gcc/x86_64-w64-mingw32/5.3.0/../../../../x86_64-w64-mingw32/lib/../lib/libkernel32.a(dqmfs01030.o)
 .data          0x0000000000003040        0x0 C:/Tools/MinGW_CC++_Compiler_5.3/bin/../lib/gcc/x86_64-w64-mingw32/5.3.0/../../../../x86_64-w64-mingw32/lib/../lib/libkernel32.a(dqmfs01029.o)
 .data          0x0000000000003040        0x0 C:/Tools/MinGW_CC++_Compiler_5.3/bin/../lib/gcc/x86_64-w64-mingw32/5.3.0/../../../../x86_64-w64-mingw32/lib/../lib/libkernel32.a(dqmfs00958.o)
 .data          0x0000000000003040        0x0 C:/Tools/MinGW_CC++_Compiler_5.3/bin/../lib/gcc/x86_64-w64-mingw32/5.3.0/../../../../x86_64-w64-mingw32/lib/../lib/libkernel32.a(dqmfs00844.o)
 .data          0x0000000000003040        0x0 C:/Tools/MinGW_CC++_Compiler_5.3/bin/../lib/gcc/x86_64-w64-mingw32/5.3.0/../../../../x86_64-w64-mingw32/lib/../lib/libkernel32.a(dqmfs00762.o)
 .data          0x0000000000003040        0x0 C:/Tools/MinGW_CC++_Compiler_5.3/bin/../lib/gcc/x86_64-w64-mingw32/5.3.0/../../../../x86_64-w64-mingw32/lib/../lib/libkernel32.a(dqmfs00678.o)
 .data          0x0000000000003040        0x0 C:/Tools/MinGW_CC++_Compiler_5.3/bin/../lib/gcc/x86_64-w64-mingw32/5.3.0/../../../../x86_64-w64-mingw32/lib/../lib/libkernel32.a(dqmfs00651.o)
 .data          0x0000000000003040        0x0 C:/Tools/MinGW_CC++_Compiler_5.3/bin/../lib/gcc/x86_64-w64-mingw32/5.3.0/../../../../x86_64-w64-mingw32/lib/../lib/libkernel32.a(dqmfs00599.o)
 .data          0x0000000000003040        0x0 C:/Tools/MinGW_CC++_Compiler_5.3/bin/../lib/gcc/x86_64-w64-mingw32/5.3.0/../../../../x86_64-w64-mingw32/lib/../lib/libkernel32.a(dqmfs00549.o)
 .data          0x0000000000003040        0x0 C:/Tools/MinGW_CC++_Compiler_5.3/bin/../lib/gcc/x86_64-w64-mingw32/5.3.0/../../../../x86_64-w64-mingw32/lib/../lib/libkernel32.a(dqmfs00529.o)
 .data          0x0000000000003040        0x0 C:/Tools/MinGW_CC++_Compiler_5.3/bin/../lib/gcc/x86_64-w64-mingw32/5.3.0/../../../../x86_64-w64-mingw32/lib/../lib/libkernel32.a(dqmfs00467.o)
 .data          0x0000000000003040        0x0 C:/Tools/MinGW_CC++_Compiler_5.3/bin/../lib/gcc/x86_64-w64-mingw32/5.3.0/../../../../x86_64-w64-mingw32/lib/../lib/libkernel32.a(dqmfs00463.o)
 .data          0x0000000000003040        0x0 C:/Tools/MinGW_CC++_Compiler_5.3/bin/../lib/gcc/x86_64-w64-mingw32/5.3.0/../../../../x86_64-w64-mingw32/lib/../lib/libkernel32.a(dqmfs00462.o)
 .data          0x0000000000003040        0x0 C:/Tools/MinGW_CC++_Compiler_5.3/bin/../lib/gcc/x86_64-w64-mingw32/5.3.0/../../../../x86_64-w64-mingw32/lib/../lib/libkernel32.a(dqmfs00249.o)
 .data          0x0000000000003040        0x0 C:/Tools/MinGW_CC++_Compiler_5.3/bin/../lib/gcc/x86_64-w64-mingw32/5.3.0/../../../../x86_64-w64-mingw32/lib/../lib/libkernel32.a(dqmfs00216.o)
 .data          0x0000000000003040        0x0 C:/Tools/MinGW_CC++_Compiler_5.3/bin/../lib/gcc/x86_64-w64-mingw32/5.3.0/../../../../x86_64-w64-mingw32/lib/../lib/libkernel32.a(dqmfh.o)
 .data          0x0000000000003040        0x0 C:/Tools/MinGW_CC++_Compiler_5.3/bin/../lib/gcc/x86_64-w64-mingw32/5.3.0/../../../../x86_64-w64-mingw32/lib/../lib/libkernel32.a(dqmft.o)
 .data          0x0000000000003040        0x0 C:/Tools/MinGW_CC++_Compiler_5.3/bin/../lib/gcc/x86_64-w64-mingw32/5.3.0/crtend.o
 *(.data2)
 *(SORT(.data$*))
 .data$__security_cookie
                0x0000000000003040       0x10 C:/Tools/MinGW_CC++_Compiler_5.3/bin/../lib/gcc/x86_64-w64-mingw32/5.3.0/../../../../x86_64-w64-mingw32/lib/../lib/libmingw32.a(lib64_libmingw32_a-gs_support.o)
                0x0000000000003040                __security_cookie
 .data$__security_cookie_complement
                0x0000000000003050       0x10 C:/Tools/MinGW_CC++_Compiler_5.3/bin/../lib/gcc/x86_64-w64-mingw32/5.3.0/../../../../x86_64-w64-mingw32/lib/../lib/libmingw32.a(lib64_libmingw32_a-gs_support.o)
                0x0000000000003050                __security_cookie_complement
 *(.jcr)
 .jcr           0x0000000000003060        0x0 C:/Tools/MinGW_CC++_Compiler_5.3/bin/../lib/gcc/x86_64-w64-mingw32/5.3.0/crtbegin.o
 .jcr           0x0000000000003060        0x8 C:/Tools/MinGW_CC++_Compiler_5.3/bin/../lib/gcc/x86_64-w64-mingw32/5.3.0/crtend.o
                0x0000000000003068                __data_end__ = .
 *(.data_cygwin_nocopy)

.rdata          0x0000000000004000      0xa00
 *(.rdata)
 .rdata         0x0000000000004000       0x30 C:/Tools/MinGW_CC++_Compiler_5.3/bin/../lib/gcc/x86_64-w64-mingw32/5.3.0/crtbegin.o
 .rdata         0x0000000000004030       0x10 .\TLBuild\driver\HostPC64_GCC\Rte.o
                0x0000000000004030                Rte_Instance_driver_SoftwareComponent
 .rdata         0x0000000000004040       0x30 .\TLBuild\driver\HostPC64_GCC\ts_drv.o
 .rdata         0x0000000000004070       0x10 C:/Tools/MinGW_CC++_Compiler_5.3/bin/../lib/gcc/x86_64-w64-mingw32/5.3.0/../../../../x86_64-w64-mingw32/lib/../lib/libmingw32.a(lib64_libmingw32_a-gs_support.o)
 .rdata         0x0000000000004080       0x10 C:/Tools/MinGW_CC++_Compiler_5.3/bin/../lib/gcc/x86_64-w64-mingw32/5.3.0/../../../../x86_64-w64-mingw32/lib/../lib/libmingw32.a(lib64_libmingw32_a-tlssup.o)
                0x0000000000004080                __dyn_tls_init_callback
 .rdata         0x0000000000004090      0x110 C:/Tools/MinGW_CC++_Compiler_5.3/bin/../lib/gcc/x86_64-w64-mingw32/5.3.0/../../../../x86_64-w64-mingw32/lib/../lib/libmingw32.a(lib64_libmingw32_a-pseudo-reloc.o)
 .rdata         0x00000000000041a0       0x10 C:/Tools/MinGW_CC++_Compiler_5.3/bin/../lib/gcc/x86_64-w64-mingw32/5.3.0/../../../../x86_64-w64-mingw32/lib/../lib/libmingw32.a(lib64_libmingw32_a-crt_handler.o)
 *(SORT(.rdata$*))
 .rdata$.refptr.Rte_Inst_driver_SoftwareComponent
                0x00000000000041b0       0x10 .\TLBuild\driver\HostPC64_GCC\driver.o
                0x00000000000041b0                .refptr.Rte_Inst_driver_SoftwareComponent
 .rdata$.refptr._CRT_MT
                0x00000000000041c0       0x10 C:/Tools/MinGW_CC++_Compiler_5.3/bin/../lib/gcc/x86_64-w64-mingw32/5.3.0/../../../../x86_64-w64-mingw32/lib/../lib/libmingw32.a(lib64_libmingw32_a-tlssup.o)
                0x00000000000041c0                .refptr._CRT_MT
 .rdata$.refptr.__CTOR_LIST__
                0x00000000000041d0       0x10 C:/Tools/MinGW_CC++_Compiler_5.3/bin/../lib/gcc/x86_64-w64-mingw32/5.3.0/../../../../x86_64-w64-mingw32/lib/../lib/libmingw32.a(lib64_libmingw32_a-gccmain.o)
                0x00000000000041d0                .refptr.__CTOR_LIST__
 .rdata$.refptr.__RUNTIME_PSEUDO_RELOC_LIST_END__
                0x00000000000041e0       0x10 C:/Tools/MinGW_CC++_Compiler_5.3/bin/../lib/gcc/x86_64-w64-mingw32/5.3.0/../../../../x86_64-w64-mingw32/lib/../lib/libmingw32.a(lib64_libmingw32_a-pseudo-reloc.o)
                0x00000000000041e0                .refptr.__RUNTIME_PSEUDO_RELOC_LIST_END__
 .rdata$.refptr.__RUNTIME_PSEUDO_RELOC_LIST__
                0x00000000000041f0       0x10 C:/Tools/MinGW_CC++_Compiler_5.3/bin/../lib/gcc/x86_64-w64-mingw32/5.3.0/../../../../x86_64-w64-mingw32/lib/../lib/libmingw32.a(lib64_libmingw32_a-pseudo-reloc.o)
                0x00000000000041f0                .refptr.__RUNTIME_PSEUDO_RELOC_LIST__
 .rdata$.refptr.__dyn_tls_init_callback
                0x0000000000004200       0x10 C:/Tools/MinGW_CC++_Compiler_5.3/bin/../lib/gcc/x86_64-w64-mingw32/5.3.0/../../../../x86_64-w64-mingw32/lib/../lib/dllcrt2.o
                0x0000000000004200                .refptr.__dyn_tls_init_callback
 .rdata$.refptr.__image_base__
                0x0000000000004210       0x10 C:/Tools/MinGW_CC++_Compiler_5.3/bin/../lib/gcc/x86_64-w64-mingw32/5.3.0/../../../../x86_64-w64-mingw32/lib/../lib/libmingw32.a(lib64_libmingw32_a-pseudo-reloc.o)
                0x0000000000004210                .refptr.__image_base__
 .rdata$.refptr.__imp__onexit
                0x0000000000004220       0x10 C:/Tools/MinGW_CC++_Compiler_5.3/bin/../lib/gcc/x86_64-w64-mingw32/5.3.0/../../../../x86_64-w64-mingw32/lib/../lib/libmingw32.a(lib64_libmingw32_a-atonexit.o)
                0x0000000000004220                .refptr.__imp__onexit
 .rdata$.refptr.__native_dllmain_reason
                0x0000000000004230       0x10 C:/Tools/MinGW_CC++_Compiler_5.3/bin/../lib/gcc/x86_64-w64-mingw32/5.3.0/../../../../x86_64-w64-mingw32/lib/../lib/dllcrt2.o
                0x0000000000004230                .refptr.__native_dllmain_reason
 .rdata$.refptr.__native_startup_lock
                0x0000000000004240       0x10 C:/Tools/MinGW_CC++_Compiler_5.3/bin/../lib/gcc/x86_64-w64-mingw32/5.3.0/../../../../x86_64-w64-mingw32/lib/../lib/dllcrt2.o
                0x0000000000004240                .refptr.__native_startup_lock
 .rdata$.refptr.__native_startup_state
                0x0000000000004250       0x10 C:/Tools/MinGW_CC++_Compiler_5.3/bin/../lib/gcc/x86_64-w64-mingw32/5.3.0/../../../../x86_64-w64-mingw32/lib/../lib/dllcrt2.o
                0x0000000000004250                .refptr.__native_startup_state
 .rdata$.refptr.__onexitbegin
                0x0000000000004260       0x10 C:/Tools/MinGW_CC++_Compiler_5.3/bin/../lib/gcc/x86_64-w64-mingw32/5.3.0/../../../../x86_64-w64-mingw32/lib/../lib/dllcrt2.o
                0x0000000000004260                .refptr.__onexitbegin
 .rdata$.refptr.__onexitend
                0x0000000000004270       0x10 C:/Tools/MinGW_CC++_Compiler_5.3/bin/../lib/gcc/x86_64-w64-mingw32/5.3.0/../../../../x86_64-w64-mingw32/lib/../lib/dllcrt2.o
                0x0000000000004270                .refptr.__onexitend
 .rdata$.refptr.__xc_a
                0x0000000000004280       0x10 C:/Tools/MinGW_CC++_Compiler_5.3/bin/../lib/gcc/x86_64-w64-mingw32/5.3.0/../../../../x86_64-w64-mingw32/lib/../lib/dllcrt2.o
                0x0000000000004280                .refptr.__xc_a
 .rdata$.refptr.__xc_z
                0x0000000000004290       0x10 C:/Tools/MinGW_CC++_Compiler_5.3/bin/../lib/gcc/x86_64-w64-mingw32/5.3.0/../../../../x86_64-w64-mingw32/lib/../lib/dllcrt2.o
                0x0000000000004290                .refptr.__xc_z
 .rdata$.refptr.__xi_a
                0x00000000000042a0       0x10 C:/Tools/MinGW_CC++_Compiler_5.3/bin/../lib/gcc/x86_64-w64-mingw32/5.3.0/../../../../x86_64-w64-mingw32/lib/../lib/dllcrt2.o
                0x00000000000042a0                .refptr.__xi_a
 .rdata$.refptr.__xi_z
                0x00000000000042b0       0x10 C:/Tools/MinGW_CC++_Compiler_5.3/bin/../lib/gcc/x86_64-w64-mingw32/5.3.0/../../../../x86_64-w64-mingw32/lib/../lib/dllcrt2.o
                0x00000000000042b0                .refptr.__xi_z
 .rdata$.refptr.mingw_app_type
                0x00000000000042c0       0x10 C:/Tools/MinGW_CC++_Compiler_5.3/bin/../lib/gcc/x86_64-w64-mingw32/5.3.0/../../../../x86_64-w64-mingw32/lib/../lib/dllcrt2.o
                0x00000000000042c0                .refptr.mingw_app_type
 .rdata$zzz     0x00000000000042d0       0x40 C:/Tools/MinGW_CC++_Compiler_5.3/bin/../lib/gcc/x86_64-w64-mingw32/5.3.0/../../../../x86_64-w64-mingw32/lib/../lib/dllcrt2.o
 .rdata$zzz     0x0000000000004310       0x40 C:/Tools/MinGW_CC++_Compiler_5.3/bin/../lib/gcc/x86_64-w64-mingw32/5.3.0/crtbegin.o
 .rdata$zzz     0x0000000000004350       0x40 .\TLBuild\driver\HostPC64_GCC\driver.o
 .rdata$zzz     0x0000000000004390       0x40 .\TLBuild\driver\HostPC64_GCC\driver_fri.o
 .rdata$zzz     0x00000000000043d0       0x40 .\TLBuild\driver\HostPC64_GCC\driver_pcf.o
 .rdata$zzz     0x0000000000004410       0x40 .\TLBuild\driver\HostPC64_GCC\RteIv.o
 .rdata$zzz     0x0000000000004450       0x40 .\TLBuild\driver\HostPC64_GCC\Rte.o
 .rdata$zzz     0x0000000000004490       0x40 .\TLBuild\driver\HostPC64_GCC\driver_ARfrm.o
 .rdata$zzz     0x00000000000044d0       0x40 .\TLBuild\driver\HostPC64_GCC\ts_drv.o
 .rdata$zzz     0x0000000000004510       0x40 .\TLBuild\driver\HostPC64_GCC\tl_c_cov.o
 .rdata$zzz     0x0000000000004550       0x40 C:/Tools/MinGW_CC++_Compiler_5.3/bin/../lib/gcc/x86_64-w64-mingw32/5.3.0/../../../../x86_64-w64-mingw32/lib/../lib/libmingw32.a(lib64_libmingw32_a-atonexit.o)
 .rdata$zzz     0x0000000000004590       0x40 C:/Tools/MinGW_CC++_Compiler_5.3/bin/../lib/gcc/x86_64-w64-mingw32/5.3.0/../../../../x86_64-w64-mingw32/lib/../lib/libmingw32.a(lib64_libmingw32_a-gccmain.o)
 .rdata$zzz     0x00000000000045d0       0x40 C:/Tools/MinGW_CC++_Compiler_5.3/bin/../lib/gcc/x86_64-w64-mingw32/5.3.0/../../../../x86_64-w64-mingw32/lib/../lib/libmingw32.a(lib64_libmingw32_a-natstart.o)
 .rdata$zzz     0x0000000000004610       0x40 C:/Tools/MinGW_CC++_Compiler_5.3/bin/../lib/gcc/x86_64-w64-mingw32/5.3.0/../../../../x86_64-w64-mingw32/lib/../lib/libmingw32.a(lib64_libmingw32_a-gs_support.o)
 .rdata$zzz     0x0000000000004650       0x40 C:/Tools/MinGW_CC++_Compiler_5.3/bin/../lib/gcc/x86_64-w64-mingw32/5.3.0/../../../../x86_64-w64-mingw32/lib/../lib/libmingw32.a(lib64_libmingw32_a-tlssup.o)
 .rdata$zzz     0x0000000000004690       0x40 C:/Tools/MinGW_CC++_Compiler_5.3/bin/../lib/gcc/x86_64-w64-mingw32/5.3.0/../../../../x86_64-w64-mingw32/lib/../lib/libmingw32.a(lib64_libmingw32_a-cinitexe.o)
 .rdata$zzz     0x00000000000046d0       0x40 C:/Tools/MinGW_CC++_Compiler_5.3/bin/../lib/gcc/x86_64-w64-mingw32/5.3.0/../../../../x86_64-w64-mingw32/lib/../lib/libmingw32.a(lib64_libmingw32_a-mingw_helpers.o)
 .rdata$zzz     0x0000000000004710       0x40 C:/Tools/MinGW_CC++_Compiler_5.3/bin/../lib/gcc/x86_64-w64-mingw32/5.3.0/../../../../x86_64-w64-mingw32/lib/../lib/libmingw32.a(lib64_libmingw32_a-pseudo-reloc.o)
 .rdata$zzz     0x0000000000004750       0x40 C:/Tools/MinGW_CC++_Compiler_5.3/bin/../lib/gcc/x86_64-w64-mingw32/5.3.0/../../../../x86_64-w64-mingw32/lib/../lib/libmingw32.a(lib64_libmingw32_a-crt_handler.o)
 .rdata$zzz     0x0000000000004790       0x40 C:/Tools/MinGW_CC++_Compiler_5.3/bin/../lib/gcc/x86_64-w64-mingw32/5.3.0/../../../../x86_64-w64-mingw32/lib/../lib/libmingw32.a(lib64_libmingw32_a-tlsthrd.o)
 .rdata$zzz     0x00000000000047d0       0x40 C:/Tools/MinGW_CC++_Compiler_5.3/bin/../lib/gcc/x86_64-w64-mingw32/5.3.0/../../../../x86_64-w64-mingw32/lib/../lib/libmingw32.a(lib64_libmingw32_a-tlsmcrt.o)
 .rdata$zzz     0x0000000000004810       0x40 C:/Tools/MinGW_CC++_Compiler_5.3/bin/../lib/gcc/x86_64-w64-mingw32/5.3.0/../../../../x86_64-w64-mingw32/lib/../lib/libmingw32.a(lib64_libmingw32_a-pseudo-reloc-list.o)
 .rdata$zzz     0x0000000000004850       0x40 C:/Tools/MinGW_CC++_Compiler_5.3/bin/../lib/gcc/x86_64-w64-mingw32/5.3.0/../../../../x86_64-w64-mingw32/lib/../lib/libmingw32.a(lib64_libmingw32_a-pesect.o)
 .rdata$zzz     0x0000000000004890       0x40 C:/Tools/MinGW_CC++_Compiler_5.3/bin/../lib/gcc/x86_64-w64-mingw32/5.3.0/../../../../x86_64-w64-mingw32/lib/../lib/libmingw32.a(lib64_libmingw32_a-CRT_fp10.o)
 .rdata$zzz     0x00000000000048d0       0x40 C:/Tools/MinGW_CC++_Compiler_5.3/bin/../lib/gcc/x86_64-w64-mingw32/5.3.0/libgcc.a(_ctors.o)
 .rdata$zzz     0x0000000000004910       0x40 C:/Tools/MinGW_CC++_Compiler_5.3/bin/../lib/gcc/x86_64-w64-mingw32/5.3.0/../../../../x86_64-w64-mingw32/lib/../lib/libmingwex.a(lib64_libmingwex_a-dllentry.o)
 .rdata$zzz     0x0000000000004950       0x40 C:/Tools/MinGW_CC++_Compiler_5.3/bin/../lib/gcc/x86_64-w64-mingw32/5.3.0/crtend.o
                0x0000000000004990                __rt_psrelocs_start = .
 *(.rdata_runtime_pseudo_reloc)
                0x0000000000004990                __rt_psrelocs_end = .
                0x0000000000000000                __rt_psrelocs_size = (__rt_psrelocs_end - __rt_psrelocs_start)
                0x0000000000004990                ___RUNTIME_PSEUDO_RELOC_LIST_END__ = .
                0x0000000000004990                __RUNTIME_PSEUDO_RELOC_LIST_END__ = .
                0x0000000000004990                ___RUNTIME_PSEUDO_RELOC_LIST__ = (. - __rt_psrelocs_size)
                0x0000000000004990                __RUNTIME_PSEUDO_RELOC_LIST__ = (. - __rt_psrelocs_size)

.eh_frame
 *(.eh_frame*)

.pdata          0x0000000000005000      0x400
 *(.pdata*)
 .pdata         0x0000000000005000       0x30 C:/Tools/MinGW_CC++_Compiler_5.3/bin/../lib/gcc/x86_64-w64-mingw32/5.3.0/../../../../x86_64-w64-mingw32/lib/../lib/dllcrt2.o
 .pdata         0x0000000000005030       0x24 C:/Tools/MinGW_CC++_Compiler_5.3/bin/../lib/gcc/x86_64-w64-mingw32/5.3.0/crtbegin.o
 .pdata         0x0000000000005054        0xc .\TLBuild\driver\HostPC64_GCC\driver.o
 .pdata         0x0000000000005060        0xc .\TLBuild\driver\HostPC64_GCC\driver_pcf.o
 .pdata         0x000000000000506c       0x24 .\TLBuild\driver\HostPC64_GCC\Rte.o
 .pdata         0x0000000000005090        0xc .\TLBuild\driver\HostPC64_GCC\driver_ARfrm.o
 .pdata         0x000000000000509c       0x24 .\TLBuild\driver\HostPC64_GCC\ts_drv.o
 .pdata         0x00000000000050c0        0xc .\TLBuild\driver\HostPC64_GCC\tl_c_cov.o
 .pdata         0x00000000000050cc       0x18 C:/Tools/MinGW_CC++_Compiler_5.3/bin/../lib/gcc/x86_64-w64-mingw32/5.3.0/../../../../x86_64-w64-mingw32/lib/../lib/libmingw32.a(lib64_libmingw32_a-atonexit.o)
 .pdata         0x00000000000050e4       0x24 C:/Tools/MinGW_CC++_Compiler_5.3/bin/../lib/gcc/x86_64-w64-mingw32/5.3.0/../../../../x86_64-w64-mingw32/lib/../lib/libmingw32.a(lib64_libmingw32_a-gccmain.o)
 .pdata         0x0000000000005108       0x18 C:/Tools/MinGW_CC++_Compiler_5.3/bin/../lib/gcc/x86_64-w64-mingw32/5.3.0/../../../../x86_64-w64-mingw32/lib/../lib/libmingw32.a(lib64_libmingw32_a-gs_support.o)
 .pdata         0x0000000000005120       0x24 C:/Tools/MinGW_CC++_Compiler_5.3/bin/../lib/gcc/x86_64-w64-mingw32/5.3.0/../../../../x86_64-w64-mingw32/lib/../lib/libmingw32.a(lib64_libmingw32_a-tlssup.o)
 .pdata         0x0000000000005144       0x18 C:/Tools/MinGW_CC++_Compiler_5.3/bin/../lib/gcc/x86_64-w64-mingw32/5.3.0/../../../../x86_64-w64-mingw32/lib/../lib/libmingw32.a(lib64_libmingw32_a-mingw_helpers.o)
 .pdata         0x000000000000515c       0x24 C:/Tools/MinGW_CC++_Compiler_5.3/bin/../lib/gcc/x86_64-w64-mingw32/5.3.0/../../../../x86_64-w64-mingw32/lib/../lib/libmingw32.a(lib64_libmingw32_a-pseudo-reloc.o)
 .pdata         0x0000000000005180       0x24 C:/Tools/MinGW_CC++_Compiler_5.3/bin/../lib/gcc/x86_64-w64-mingw32/5.3.0/../../../../x86_64-w64-mingw32/lib/../lib/libmingw32.a(lib64_libmingw32_a-crt_handler.o)
 .pdata         0x00000000000051a4       0x30 C:/Tools/MinGW_CC++_Compiler_5.3/bin/../lib/gcc/x86_64-w64-mingw32/5.3.0/../../../../x86_64-w64-mingw32/lib/../lib/libmingw32.a(lib64_libmingw32_a-tlsthrd.o)
 .pdata         0x00000000000051d4       0x78 C:/Tools/MinGW_CC++_Compiler_5.3/bin/../lib/gcc/x86_64-w64-mingw32/5.3.0/../../../../x86_64-w64-mingw32/lib/../lib/libmingw32.a(lib64_libmingw32_a-pesect.o)
 .pdata         0x000000000000524c        0xc C:/Tools/MinGW_CC++_Compiler_5.3/bin/../lib/gcc/x86_64-w64-mingw32/5.3.0/../../../../x86_64-w64-mingw32/lib/../lib/libmingw32.a(lib64_libmingw32_a-CRT_fp10.o)
 .pdata         0x0000000000005258        0xc C:/Tools/MinGW_CC++_Compiler_5.3/bin/../lib/gcc/x86_64-w64-mingw32/5.3.0/../../../../x86_64-w64-mingw32/lib/../lib/libmingwex.a(lib64_libmingwex_a-dllentry.o)
 .pdata.startup
                0x0000000000005264        0xc C:/Tools/MinGW_CC++_Compiler_5.3/bin/../lib/gcc/x86_64-w64-mingw32/5.3.0/crtend.o

.xdata          0x0000000000006000      0x200
 *(.xdata*)
 .xdata         0x0000000000006000       0x34 C:/Tools/MinGW_CC++_Compiler_5.3/bin/../lib/gcc/x86_64-w64-mingw32/5.3.0/../../../../x86_64-w64-mingw32/lib/../lib/dllcrt2.o
 .xdata         0x0000000000006034       0x1c C:/Tools/MinGW_CC++_Compiler_5.3/bin/../lib/gcc/x86_64-w64-mingw32/5.3.0/crtbegin.o
 .xdata         0x0000000000006050        0x4 .\TLBuild\driver\HostPC64_GCC\driver.o
 .xdata         0x0000000000006054        0x4 .\TLBuild\driver\HostPC64_GCC\driver_pcf.o
 .xdata         0x0000000000006058        0xc .\TLBuild\driver\HostPC64_GCC\Rte.o
 .xdata         0x0000000000006064        0x4 .\TLBuild\driver\HostPC64_GCC\driver_ARfrm.o
 .xdata         0x0000000000006068       0x14 .\TLBuild\driver\HostPC64_GCC\ts_drv.o
 .xdata         0x000000000000607c        0x4 .\TLBuild\driver\HostPC64_GCC\tl_c_cov.o
 .xdata         0x0000000000006080       0x10 C:/Tools/MinGW_CC++_Compiler_5.3/bin/../lib/gcc/x86_64-w64-mingw32/5.3.0/../../../../x86_64-w64-mingw32/lib/../lib/libmingw32.a(lib64_libmingw32_a-atonexit.o)
 .xdata         0x0000000000006090       0x18 C:/Tools/MinGW_CC++_Compiler_5.3/bin/../lib/gcc/x86_64-w64-mingw32/5.3.0/../../../../x86_64-w64-mingw32/lib/../lib/libmingw32.a(lib64_libmingw32_a-gccmain.o)
 .xdata         0x00000000000060a8       0x20 C:/Tools/MinGW_CC++_Compiler_5.3/bin/../lib/gcc/x86_64-w64-mingw32/5.3.0/../../../../x86_64-w64-mingw32/lib/../lib/libmingw32.a(lib64_libmingw32_a-gs_support.o)
 .xdata         0x00000000000060c8       0x18 C:/Tools/MinGW_CC++_Compiler_5.3/bin/../lib/gcc/x86_64-w64-mingw32/5.3.0/../../../../x86_64-w64-mingw32/lib/../lib/libmingw32.a(lib64_libmingw32_a-tlssup.o)
 .xdata         0x00000000000060e0        0x8 C:/Tools/MinGW_CC++_Compiler_5.3/bin/../lib/gcc/x86_64-w64-mingw32/5.3.0/../../../../x86_64-w64-mingw32/lib/../lib/libmingw32.a(lib64_libmingw32_a-mingw_helpers.o)
 .xdata         0x00000000000060e8       0x38 C:/Tools/MinGW_CC++_Compiler_5.3/bin/../lib/gcc/x86_64-w64-mingw32/5.3.0/../../../../x86_64-w64-mingw32/lib/../lib/libmingw32.a(lib64_libmingw32_a-pseudo-reloc.o)
 .xdata         0x0000000000006120       0x20 C:/Tools/MinGW_CC++_Compiler_5.3/bin/../lib/gcc/x86_64-w64-mingw32/5.3.0/../../../../x86_64-w64-mingw32/lib/../lib/libmingw32.a(lib64_libmingw32_a-crt_handler.o)
 .xdata         0x0000000000006140       0x2c C:/Tools/MinGW_CC++_Compiler_5.3/bin/../lib/gcc/x86_64-w64-mingw32/5.3.0/../../../../x86_64-w64-mingw32/lib/../lib/libmingw32.a(lib64_libmingw32_a-tlsthrd.o)
 .xdata         0x000000000000616c       0x60 C:/Tools/MinGW_CC++_Compiler_5.3/bin/../lib/gcc/x86_64-w64-mingw32/5.3.0/../../../../x86_64-w64-mingw32/lib/../lib/libmingw32.a(lib64_libmingw32_a-pesect.o)
 .xdata         0x00000000000061cc        0x4 C:/Tools/MinGW_CC++_Compiler_5.3/bin/../lib/gcc/x86_64-w64-mingw32/5.3.0/../../../../x86_64-w64-mingw32/lib/../lib/libmingw32.a(lib64_libmingw32_a-CRT_fp10.o)
 .xdata         0x00000000000061d0        0x4 C:/Tools/MinGW_CC++_Compiler_5.3/bin/../lib/gcc/x86_64-w64-mingw32/5.3.0/../../../../x86_64-w64-mingw32/lib/../lib/libmingwex.a(lib64_libmingwex_a-dllentry.o)
 .xdata.startup
                0x00000000000061d4        0x8 C:/Tools/MinGW_CC++_Compiler_5.3/bin/../lib/gcc/x86_64-w64-mingw32/5.3.0/crtend.o

.bss            0x0000000000007000      0x9c0
                0x0000000000007000                __bss_start__ = .
 *(.bss)
 .bss           0x0000000000007000       0x10 C:/Tools/MinGW_CC++_Compiler_5.3/bin/../lib/gcc/x86_64-w64-mingw32/5.3.0/../../../../x86_64-w64-mingw32/lib/../lib/dllcrt2.o
 .bss           0x0000000000007010        0x0 C:/Tools/MinGW_CC++_Compiler_5.3/bin/../lib/gcc/x86_64-w64-mingw32/5.3.0/crtbegin.o
 .bss           0x0000000000007010        0x0 .\TLBuild\driver\HostPC64_GCC\driver.o
 .bss           0x0000000000007010        0x0 .\TLBuild\driver\HostPC64_GCC\driver_fri.o
 .bss           0x0000000000007010        0x0 .\TLBuild\driver\HostPC64_GCC\driver_pcf.o
 .bss           0x0000000000007010        0x0 .\TLBuild\driver\HostPC64_GCC\RteIv.o
 .bss           0x0000000000007010        0x0 .\TLBuild\driver\HostPC64_GCC\Rte.o
 .bss           0x0000000000007010        0x0 .\TLBuild\driver\HostPC64_GCC\driver_ARfrm.o
 .bss           0x0000000000007010       0x10 .\TLBuild\driver\HostPC64_GCC\ts_drv.o
 .bss           0x0000000000007020        0x0 .\TLBuild\driver\HostPC64_GCC\tl_c_cov.o
 .bss           0x0000000000007020        0x0 C:/Tools/MinGW_CC++_Compiler_5.3/bin/../lib/gcc/x86_64-w64-mingw32/5.3.0/../../../../x86_64-w64-mingw32/lib/../lib/libmingw32.a(lib64_libmingw32_a-atonexit.o)
 .bss           0x0000000000007020       0x10 C:/Tools/MinGW_CC++_Compiler_5.3/bin/../lib/gcc/x86_64-w64-mingw32/5.3.0/../../../../x86_64-w64-mingw32/lib/../lib/libmingw32.a(lib64_libmingw32_a-gccmain.o)
 .bss           0x0000000000007030        0x0 C:/Tools/MinGW_CC++_Compiler_5.3/bin/../lib/gcc/x86_64-w64-mingw32/5.3.0/../../../../x86_64-w64-mingw32/lib/../lib/libmingw32.a(lib64_libmingw32_a-natstart.o)
 *fill*         0x0000000000007030       0x10 
 .bss           0x0000000000007040      0x5c0 C:/Tools/MinGW_CC++_Compiler_5.3/bin/../lib/gcc/x86_64-w64-mingw32/5.3.0/../../../../x86_64-w64-mingw32/lib/../lib/libmingw32.a(lib64_libmingw32_a-gs_support.o)
 .bss           0x0000000000007600       0x10 C:/Tools/MinGW_CC++_Compiler_5.3/bin/../lib/gcc/x86_64-w64-mingw32/5.3.0/../../../../x86_64-w64-mingw32/lib/../lib/libmingw32.a(lib64_libmingw32_a-tlssup.o)
                0x0000000000007600                mingw_initltssuo_force
                0x0000000000007604                mingw_initltsdyn_force
                0x0000000000007608                mingw_initltsdrot_force
                0x000000000000760c                _tls_index
 .bss           0x0000000000007610        0x0 C:/Tools/MinGW_CC++_Compiler_5.3/bin/../lib/gcc/x86_64-w64-mingw32/5.3.0/../../../../x86_64-w64-mingw32/lib/../lib/libmingw32.a(lib64_libmingw32_a-cinitexe.o)
 .bss           0x0000000000007610       0x10 C:/Tools/MinGW_CC++_Compiler_5.3/bin/../lib/gcc/x86_64-w64-mingw32/5.3.0/../../../../x86_64-w64-mingw32/lib/../lib/libmingw32.a(lib64_libmingw32_a-mingw_helpers.o)
                0x0000000000007610                mingw_app_type
 .bss           0x0000000000007620       0x10 C:/Tools/MinGW_CC++_Compiler_5.3/bin/../lib/gcc/x86_64-w64-mingw32/5.3.0/../../../../x86_64-w64-mingw32/lib/../lib/libmingw32.a(lib64_libmingw32_a-pseudo-reloc.o)
 *fill*         0x0000000000007630       0x10 
 .bss           0x0000000000007640      0x2c0 C:/Tools/MinGW_CC++_Compiler_5.3/bin/../lib/gcc/x86_64-w64-mingw32/5.3.0/../../../../x86_64-w64-mingw32/lib/../lib/libmingw32.a(lib64_libmingw32_a-crt_handler.o)
                0x0000000000007640                __mingw_oldexcpt_handler
 .bss           0x0000000000007900       0x60 C:/Tools/MinGW_CC++_Compiler_5.3/bin/../lib/gcc/x86_64-w64-mingw32/5.3.0/../../../../x86_64-w64-mingw32/lib/../lib/libmingw32.a(lib64_libmingw32_a-tlsthrd.o)
 .bss           0x0000000000007960        0x0 C:/Tools/MinGW_CC++_Compiler_5.3/bin/../lib/gcc/x86_64-w64-mingw32/5.3.0/../../../../x86_64-w64-mingw32/lib/../lib/libmingw32.a(lib64_libmingw32_a-tlsmcrt.o)
 .bss           0x0000000000007960       0x10 C:/Tools/MinGW_CC++_Compiler_5.3/bin/../lib/gcc/x86_64-w64-mingw32/5.3.0/../../../../x86_64-w64-mingw32/lib/../lib/libmingw32.a(lib64_libmingw32_a-pseudo-reloc-list.o)
 .bss           0x0000000000007970        0x0 C:/Tools/MinGW_CC++_Compiler_5.3/bin/../lib/gcc/x86_64-w64-mingw32/5.3.0/../../../../x86_64-w64-mingw32/lib/../lib/libmingw32.a(lib64_libmingw32_a-pesect.o)
 .bss           0x0000000000007970        0x0 C:/Tools/MinGW_CC++_Compiler_5.3/bin/../lib/gcc/x86_64-w64-mingw32/5.3.0/../../../../x86_64-w64-mingw32/lib/../lib/libmingw32.a(lib64_libmingw32_a-CRT_fp10.o)
 .bss           0x0000000000007970        0x0 C:/Tools/MinGW_CC++_Compiler_5.3/bin/../lib/gcc/x86_64-w64-mingw32/5.3.0/libgcc.a(_chkstk_ms.o)
 .bss           0x0000000000007970        0x0 C:/Tools/MinGW_CC++_Compiler_5.3/bin/../lib/gcc/x86_64-w64-mingw32/5.3.0/libgcc.a(_ctors.o)
 .bss           0x0000000000007970        0x0 C:/Tools/MinGW_CC++_Compiler_5.3/bin/../lib/gcc/x86_64-w64-mingw32/5.3.0/../../../../x86_64-w64-mingw32/lib/../lib/libmingwex.a(lib64_libmingwex_a-dllentry.o)
 .bss           0x0000000000007970        0x0 C:/Tools/MinGW_CC++_Compiler_5.3/bin/../lib/gcc/x86_64-w64-mingw32/5.3.0/../../../../x86_64-w64-mingw32/lib/../lib/libmsvcrt.a(dkpfs01239.o)
 .bss           0x0000000000007970        0x0 C:/Tools/MinGW_CC++_Compiler_5.3/bin/../lib/gcc/x86_64-w64-mingw32/5.3.0/../../../../x86_64-w64-mingw32/lib/../lib/libmsvcrt.a(dkpfs01207.o)
 .bss           0x0000000000007970        0x0 C:/Tools/MinGW_CC++_Compiler_5.3/bin/../lib/gcc/x86_64-w64-mingw32/5.3.0/../../../../x86_64-w64-mingw32/lib/../lib/libmsvcrt.a(dkpfs01204.o)
 .bss           0x0000000000007970        0x0 C:/Tools/MinGW_CC++_Compiler_5.3/bin/../lib/gcc/x86_64-w64-mingw32/5.3.0/../../../../x86_64-w64-mingw32/lib/../lib/libmsvcrt.a(dkpfs01183.o)
 .bss           0x0000000000007970        0x0 C:/Tools/MinGW_CC++_Compiler_5.3/bin/../lib/gcc/x86_64-w64-mingw32/5.3.0/../../../../x86_64-w64-mingw32/lib/../lib/libmsvcrt.a(dkpfs01153.o)
 .bss           0x0000000000007970        0x0 C:/Tools/MinGW_CC++_Compiler_5.3/bin/../lib/gcc/x86_64-w64-mingw32/5.3.0/../../../../x86_64-w64-mingw32/lib/../lib/libmsvcrt.a(dkpfs01145.o)
 .bss           0x0000000000007970        0x0 C:/Tools/MinGW_CC++_Compiler_5.3/bin/../lib/gcc/x86_64-w64-mingw32/5.3.0/../../../../x86_64-w64-mingw32/lib/../lib/libmsvcrt.a(dkpfs01097.o)
 .bss           0x0000000000007970        0x0 C:/Tools/MinGW_CC++_Compiler_5.3/bin/../lib/gcc/x86_64-w64-mingw32/5.3.0/../../../../x86_64-w64-mingw32/lib/../lib/libmsvcrt.a(dkpfs01086.o)
 .bss           0x0000000000007970        0x0 C:/Tools/MinGW_CC++_Compiler_5.3/bin/../lib/gcc/x86_64-w64-mingw32/5.3.0/../../../../x86_64-w64-mingw32/lib/../lib/libmsvcrt.a(dkpfs01047.o)
 .bss           0x0000000000007970        0x0 C:/Tools/MinGW_CC++_Compiler_5.3/bin/../lib/gcc/x86_64-w64-mingw32/5.3.0/../../../../x86_64-w64-mingw32/lib/../lib/libmsvcrt.a(dkpfs01030.o)
 .bss           0x0000000000007970        0x0 C:/Tools/MinGW_CC++_Compiler_5.3/bin/../lib/gcc/x86_64-w64-mingw32/5.3.0/../../../../x86_64-w64-mingw32/lib/../lib/libmsvcrt.a(dkpfs00819.o)
 .bss           0x0000000000007970        0x0 C:/Tools/MinGW_CC++_Compiler_5.3/bin/../lib/gcc/x86_64-w64-mingw32/5.3.0/../../../../x86_64-w64-mingw32/lib/../lib/libmsvcrt.a(dkpfs00611.o)
 .bss           0x0000000000007970        0x0 C:/Tools/MinGW_CC++_Compiler_5.3/bin/../lib/gcc/x86_64-w64-mingw32/5.3.0/../../../../x86_64-w64-mingw32/lib/../lib/libmsvcrt.a(dkpfs00439.o)
 .bss           0x0000000000007970        0x0 C:/Tools/MinGW_CC++_Compiler_5.3/bin/../lib/gcc/x86_64-w64-mingw32/5.3.0/../../../../x86_64-w64-mingw32/lib/../lib/libmsvcrt.a(dkpfs00330.o)
 .bss           0x0000000000007970        0x0 C:/Tools/MinGW_CC++_Compiler_5.3/bin/../lib/gcc/x86_64-w64-mingw32/5.3.0/../../../../x86_64-w64-mingw32/lib/../lib/libmsvcrt.a(dkpfs00122.o)
 .bss           0x0000000000007970        0x0 C:/Tools/MinGW_CC++_Compiler_5.3/bin/../lib/gcc/x86_64-w64-mingw32/5.3.0/../../../../x86_64-w64-mingw32/lib/../lib/libmsvcrt.a(dkpfs00083.o)
 .bss           0x0000000000007970        0x0 C:/Tools/MinGW_CC++_Compiler_5.3/bin/../lib/gcc/x86_64-w64-mingw32/5.3.0/../../../../x86_64-w64-mingw32/lib/../lib/libmsvcrt.a(dkpfs00078.o)
 .bss           0x0000000000007970        0x0 C:/Tools/MinGW_CC++_Compiler_5.3/bin/../lib/gcc/x86_64-w64-mingw32/5.3.0/../../../../x86_64-w64-mingw32/lib/../lib/libmsvcrt.a(dkpfh.o)
 .bss           0x0000000000007970        0x0 C:/Tools/MinGW_CC++_Compiler_5.3/bin/../lib/gcc/x86_64-w64-mingw32/5.3.0/../../../../x86_64-w64-mingw32/lib/../lib/libmsvcrt.a(dkpft.o)
 .bss           0x0000000000007970        0x0 C:/Tools/MinGW_CC++_Compiler_5.3/bin/../lib/gcc/x86_64-w64-mingw32/5.3.0/../../../../x86_64-w64-mingw32/lib/../lib/libkernel32.a(dqmfs01266.o)
 .bss           0x0000000000007970        0x0 C:/Tools/MinGW_CC++_Compiler_5.3/bin/../lib/gcc/x86_64-w64-mingw32/5.3.0/../../../../x86_64-w64-mingw32/lib/../lib/libkernel32.a(dqmfs01264.o)
 .bss           0x0000000000007970        0x0 C:/Tools/MinGW_CC++_Compiler_5.3/bin/../lib/gcc/x86_64-w64-mingw32/5.3.0/../../../../x86_64-w64-mingw32/lib/../lib/libkernel32.a(dqmfs01234.o)
 .bss           0x0000000000007970        0x0 C:/Tools/MinGW_CC++_Compiler_5.3/bin/../lib/gcc/x86_64-w64-mingw32/5.3.0/../../../../x86_64-w64-mingw32/lib/../lib/libkernel32.a(dqmfs01221.o)
 .bss           0x0000000000007970        0x0 C:/Tools/MinGW_CC++_Compiler_5.3/bin/../lib/gcc/x86_64-w64-mingw32/5.3.0/../../../../x86_64-w64-mingw32/lib/../lib/libkernel32.a(dqmfs01214.o)
 .bss           0x0000000000007970        0x0 C:/Tools/MinGW_CC++_Compiler_5.3/bin/../lib/gcc/x86_64-w64-mingw32/5.3.0/../../../../x86_64-w64-mingw32/lib/../lib/libkernel32.a(dqmfs01200.o)
 .bss           0x0000000000007970        0x0 C:/Tools/MinGW_CC++_Compiler_5.3/bin/../lib/gcc/x86_64-w64-mingw32/5.3.0/../../../../x86_64-w64-mingw32/lib/../lib/libkernel32.a(dqmfs01187.o)
 .bss           0x0000000000007970        0x0 C:/Tools/MinGW_CC++_Compiler_5.3/bin/../lib/gcc/x86_64-w64-mingw32/5.3.0/../../../../x86_64-w64-mingw32/lib/../lib/libkernel32.a(dqmfs01044.o)
 .bss           0x0000000000007970        0x0 C:/Tools/MinGW_CC++_Compiler_5.3/bin/../lib/gcc/x86_64-w64-mingw32/5.3.0/../../../../x86_64-w64-mingw32/lib/../lib/libkernel32.a(dqmfs01037.o)
 .bss           0x0000000000007970        0x0 C:/Tools/MinGW_CC++_Compiler_5.3/bin/../lib/gcc/x86_64-w64-mingw32/5.3.0/../../../../x86_64-w64-mingw32/lib/../lib/libkernel32.a(dqmfs01030.o)
 .bss           0x0000000000007970        0x0 C:/Tools/MinGW_CC++_Compiler_5.3/bin/../lib/gcc/x86_64-w64-mingw32/5.3.0/../../../../x86_64-w64-mingw32/lib/../lib/libkernel32.a(dqmfs01029.o)
 .bss           0x0000000000007970        0x0 C:/Tools/MinGW_CC++_Compiler_5.3/bin/../lib/gcc/x86_64-w64-mingw32/5.3.0/../../../../x86_64-w64-mingw32/lib/../lib/libkernel32.a(dqmfs00958.o)
 .bss           0x0000000000007970        0x0 C:/Tools/MinGW_CC++_Compiler_5.3/bin/../lib/gcc/x86_64-w64-mingw32/5.3.0/../../../../x86_64-w64-mingw32/lib/../lib/libkernel32.a(dqmfs00844.o)
 .bss           0x0000000000007970        0x0 C:/Tools/MinGW_CC++_Compiler_5.3/bin/../lib/gcc/x86_64-w64-mingw32/5.3.0/../../../../x86_64-w64-mingw32/lib/../lib/libkernel32.a(dqmfs00762.o)
 .bss           0x0000000000007970        0x0 C:/Tools/MinGW_CC++_Compiler_5.3/bin/../lib/gcc/x86_64-w64-mingw32/5.3.0/../../../../x86_64-w64-mingw32/lib/../lib/libkernel32.a(dqmfs00678.o)
 .bss           0x0000000000007970        0x0 C:/Tools/MinGW_CC++_Compiler_5.3/bin/../lib/gcc/x86_64-w64-mingw32/5.3.0/../../../../x86_64-w64-mingw32/lib/../lib/libkernel32.a(dqmfs00651.o)
 .bss           0x0000000000007970        0x0 C:/Tools/MinGW_CC++_Compiler_5.3/bin/../lib/gcc/x86_64-w64-mingw32/5.3.0/../../../../x86_64-w64-mingw32/lib/../lib/libkernel32.a(dqmfs00599.o)
 .bss           0x0000000000007970        0x0 C:/Tools/MinGW_CC++_Compiler_5.3/bin/../lib/gcc/x86_64-w64-mingw32/5.3.0/../../../../x86_64-w64-mingw32/lib/../lib/libkernel32.a(dqmfs00549.o)
 .bss           0x0000000000007970        0x0 C:/Tools/MinGW_CC++_Compiler_5.3/bin/../lib/gcc/x86_64-w64-mingw32/5.3.0/../../../../x86_64-w64-mingw32/lib/../lib/libkernel32.a(dqmfs00529.o)
 .bss           0x0000000000007970        0x0 C:/Tools/MinGW_CC++_Compiler_5.3/bin/../lib/gcc/x86_64-w64-mingw32/5.3.0/../../../../x86_64-w64-mingw32/lib/../lib/libkernel32.a(dqmfs00467.o)
 .bss           0x0000000000007970        0x0 C:/Tools/MinGW_CC++_Compiler_5.3/bin/../lib/gcc/x86_64-w64-mingw32/5.3.0/../../../../x86_64-w64-mingw32/lib/../lib/libkernel32.a(dqmfs00463.o)
 .bss           0x0000000000007970        0x0 C:/Tools/MinGW_CC++_Compiler_5.3/bin/../lib/gcc/x86_64-w64-mingw32/5.3.0/../../../../x86_64-w64-mingw32/lib/../lib/libkernel32.a(dqmfs00462.o)
 .bss           0x0000000000007970        0x0 C:/Tools/MinGW_CC++_Compiler_5.3/bin/../lib/gcc/x86_64-w64-mingw32/5.3.0/../../../../x86_64-w64-mingw32/lib/../lib/libkernel32.a(dqmfs00249.o)
 .bss           0x0000000000007970        0x0 C:/Tools/MinGW_CC++_Compiler_5.3/bin/../lib/gcc/x86_64-w64-mingw32/5.3.0/../../../../x86_64-w64-mingw32/lib/../lib/libkernel32.a(dqmfs00216.o)
 .bss           0x0000000000007970        0x0 C:/Tools/MinGW_CC++_Compiler_5.3/bin/../lib/gcc/x86_64-w64-mingw32/5.3.0/../../../../x86_64-w64-mingw32/lib/../lib/libkernel32.a(dqmfh.o)
 .bss           0x0000000000007970        0x0 C:/Tools/MinGW_CC++_Compiler_5.3/bin/../lib/gcc/x86_64-w64-mingw32/5.3.0/../../../../x86_64-w64-mingw32/lib/../lib/libkernel32.a(dqmft.o)
 .bss           0x0000000000007970        0x0 C:/Tools/MinGW_CC++_Compiler_5.3/bin/../lib/gcc/x86_64-w64-mingw32/5.3.0/crtend.o
 *(COMMON)
 COMMON         0x0000000000007970        0x4 .\TLBuild\driver\HostPC64_GCC\Rte.o
                0x0000000000007970                Rte_driver_SoftwareComponent_Out2_new_DataElement
                0x0000000000007972                Rte_driver_SoftwareComponent_Out1_new_DataElement
 *fill*         0x0000000000007974        0x4 
 COMMON         0x0000000000007978       0x10 C:/Tools/MinGW_CC++_Compiler_5.3/bin/../lib/gcc/x86_64-w64-mingw32/5.3.0/../../../../x86_64-w64-mingw32/lib/../lib/libmingw32.a(lib64_libmingw32_a-atonexit.o)
                0x0000000000007978                __onexitbegin
                0x0000000000007980                __onexitend
 COMMON         0x0000000000007988       0x10 C:/Tools/MinGW_CC++_Compiler_5.3/bin/../lib/gcc/x86_64-w64-mingw32/5.3.0/../../../../x86_64-w64-mingw32/lib/../lib/libmingw32.a(lib64_libmingw32_a-natstart.o)
                0x0000000000007988                __native_startup_state
                0x0000000000007990                __native_startup_lock
 *fill*         0x0000000000007998        0x8 
 COMMON         0x00000000000079a0       0x20 C:/Tools/MinGW_CC++_Compiler_5.3/bin/../lib/gcc/x86_64-w64-mingw32/5.3.0/libgcc.a(_ctors.o)
                0x00000000000079c0                __bss_end__ = .

.edata          0x0000000000008000      0x200
 *(.edata)
 .edata         0x0000000000008000       0x49 dll stuff

/DISCARD/
 *(.debug$S)
 *(.debug$T)
 *(.debug$F)
 *(.drectve)
 *(.note.GNU-stack)
 *(.gnu.lto_*)

.idata          0x0000000000009000      0x800
 SORT(*)(.idata$2)
 .idata$2       0x0000000000009000       0x14 C:/Tools/MinGW_CC++_Compiler_5.3/bin/../lib/gcc/x86_64-w64-mingw32/5.3.0/../../../../x86_64-w64-mingw32/lib/../lib/libkernel32.a(dqmfh.o)
                0x0000000000009000                _head_lib64_libkernel32_a
 .idata$2       0x0000000000009014       0x14 C:/Tools/MinGW_CC++_Compiler_5.3/bin/../lib/gcc/x86_64-w64-mingw32/5.3.0/../../../../x86_64-w64-mingw32/lib/../lib/libmsvcrt.a(dkpfh.o)
                0x0000000000009014                _head_lib64_libmsvcrt_a
 SORT(*)(.idata$3)
                0x0000000000009028        0x4 LONG 0x0
                0x000000000000902c        0x4 LONG 0x0
                0x0000000000009030        0x4 LONG 0x0
                0x0000000000009034        0x4 LONG 0x0
                0x0000000000009038        0x4 LONG 0x0
 SORT(*)(.idata$4)
 .idata$4       0x000000000000903c        0x0 C:/Tools/MinGW_CC++_Compiler_5.3/bin/../lib/gcc/x86_64-w64-mingw32/5.3.0/../../../../x86_64-w64-mingw32/lib/../lib/libkernel32.a(dqmfh.o)
 .idata$4       0x000000000000903c        0x8 C:/Tools/MinGW_CC++_Compiler_5.3/bin/../lib/gcc/x86_64-w64-mingw32/5.3.0/../../../../x86_64-w64-mingw32/lib/../lib/libkernel32.a(dqmfs00216.o)
 .idata$4       0x0000000000009044        0x8 C:/Tools/MinGW_CC++_Compiler_5.3/bin/../lib/gcc/x86_64-w64-mingw32/5.3.0/../../../../x86_64-w64-mingw32/lib/../lib/libkernel32.a(dqmfs00249.o)
 .idata$4       0x000000000000904c        0x8 C:/Tools/MinGW_CC++_Compiler_5.3/bin/../lib/gcc/x86_64-w64-mingw32/5.3.0/../../../../x86_64-w64-mingw32/lib/../lib/libkernel32.a(dqmfs00462.o)
 .idata$4       0x0000000000009054        0x8 C:/Tools/MinGW_CC++_Compiler_5.3/bin/../lib/gcc/x86_64-w64-mingw32/5.3.0/../../../../x86_64-w64-mingw32/lib/../lib/libkernel32.a(dqmfs00463.o)
 .idata$4       0x000000000000905c        0x8 C:/Tools/MinGW_CC++_Compiler_5.3/bin/../lib/gcc/x86_64-w64-mingw32/5.3.0/../../../../x86_64-w64-mingw32/lib/../lib/libkernel32.a(dqmfs00467.o)
 .idata$4       0x0000000000009064        0x8 C:/Tools/MinGW_CC++_Compiler_5.3/bin/../lib/gcc/x86_64-w64-mingw32/5.3.0/../../../../x86_64-w64-mingw32/lib/../lib/libkernel32.a(dqmfs00529.o)
 .idata$4       0x000000000000906c        0x8 C:/Tools/MinGW_CC++_Compiler_5.3/bin/../lib/gcc/x86_64-w64-mingw32/5.3.0/../../../../x86_64-w64-mingw32/lib/../lib/libkernel32.a(dqmfs00549.o)
 .idata$4       0x0000000000009074        0x8 C:/Tools/MinGW_CC++_Compiler_5.3/bin/../lib/gcc/x86_64-w64-mingw32/5.3.0/../../../../x86_64-w64-mingw32/lib/../lib/libkernel32.a(dqmfs00599.o)
 .idata$4       0x000000000000907c        0x8 C:/Tools/MinGW_CC++_Compiler_5.3/bin/../lib/gcc/x86_64-w64-mingw32/5.3.0/../../../../x86_64-w64-mingw32/lib/../lib/libkernel32.a(dqmfs00651.o)
 .idata$4       0x0000000000009084        0x8 C:/Tools/MinGW_CC++_Compiler_5.3/bin/../lib/gcc/x86_64-w64-mingw32/5.3.0/../../../../x86_64-w64-mingw32/lib/../lib/libkernel32.a(dqmfs00678.o)
 .idata$4       0x000000000000908c        0x8 C:/Tools/MinGW_CC++_Compiler_5.3/bin/../lib/gcc/x86_64-w64-mingw32/5.3.0/../../../../x86_64-w64-mingw32/lib/../lib/libkernel32.a(dqmfs00762.o)
 .idata$4       0x0000000000009094        0x8 C:/Tools/MinGW_CC++_Compiler_5.3/bin/../lib/gcc/x86_64-w64-mingw32/5.3.0/../../../../x86_64-w64-mingw32/lib/../lib/libkernel32.a(dqmfs00844.o)
 .idata$4       0x000000000000909c        0x8 C:/Tools/MinGW_CC++_Compiler_5.3/bin/../lib/gcc/x86_64-w64-mingw32/5.3.0/../../../../x86_64-w64-mingw32/lib/../lib/libkernel32.a(dqmfs00958.o)
 .idata$4       0x00000000000090a4        0x8 C:/Tools/MinGW_CC++_Compiler_5.3/bin/../lib/gcc/x86_64-w64-mingw32/5.3.0/../../../../x86_64-w64-mingw32/lib/../lib/libkernel32.a(dqmfs01029.o)
 .idata$4       0x00000000000090ac        0x8 C:/Tools/MinGW_CC++_Compiler_5.3/bin/../lib/gcc/x86_64-w64-mingw32/5.3.0/../../../../x86_64-w64-mingw32/lib/../lib/libkernel32.a(dqmfs01030.o)
 .idata$4       0x00000000000090b4        0x8 C:/Tools/MinGW_CC++_Compiler_5.3/bin/../lib/gcc/x86_64-w64-mingw32/5.3.0/../../../../x86_64-w64-mingw32/lib/../lib/libkernel32.a(dqmfs01037.o)
 .idata$4       0x00000000000090bc        0x8 C:/Tools/MinGW_CC++_Compiler_5.3/bin/../lib/gcc/x86_64-w64-mingw32/5.3.0/../../../../x86_64-w64-mingw32/lib/../lib/libkernel32.a(dqmfs01044.o)
 .idata$4       0x00000000000090c4        0x8 C:/Tools/MinGW_CC++_Compiler_5.3/bin/../lib/gcc/x86_64-w64-mingw32/5.3.0/../../../../x86_64-w64-mingw32/lib/../lib/libkernel32.a(dqmfs01187.o)
 .idata$4       0x00000000000090cc        0x8 C:/Tools/MinGW_CC++_Compiler_5.3/bin/../lib/gcc/x86_64-w64-mingw32/5.3.0/../../../../x86_64-w64-mingw32/lib/../lib/libkernel32.a(dqmfs01200.o)
 .idata$4       0x00000000000090d4        0x8 C:/Tools/MinGW_CC++_Compiler_5.3/bin/../lib/gcc/x86_64-w64-mingw32/5.3.0/../../../../x86_64-w64-mingw32/lib/../lib/libkernel32.a(dqmfs01214.o)
 .idata$4       0x00000000000090dc        0x8 C:/Tools/MinGW_CC++_Compiler_5.3/bin/../lib/gcc/x86_64-w64-mingw32/5.3.0/../../../../x86_64-w64-mingw32/lib/../lib/libkernel32.a(dqmfs01221.o)
 .idata$4       0x00000000000090e4        0x8 C:/Tools/MinGW_CC++_Compiler_5.3/bin/../lib/gcc/x86_64-w64-mingw32/5.3.0/../../../../x86_64-w64-mingw32/lib/../lib/libkernel32.a(dqmfs01234.o)
 .idata$4       0x00000000000090ec        0x8 C:/Tools/MinGW_CC++_Compiler_5.3/bin/../lib/gcc/x86_64-w64-mingw32/5.3.0/../../../../x86_64-w64-mingw32/lib/../lib/libkernel32.a(dqmfs01264.o)
 .idata$4       0x00000000000090f4        0x8 C:/Tools/MinGW_CC++_Compiler_5.3/bin/../lib/gcc/x86_64-w64-mingw32/5.3.0/../../../../x86_64-w64-mingw32/lib/../lib/libkernel32.a(dqmfs01266.o)
 .idata$4       0x00000000000090fc        0x8 C:/Tools/MinGW_CC++_Compiler_5.3/bin/../lib/gcc/x86_64-w64-mingw32/5.3.0/../../../../x86_64-w64-mingw32/lib/../lib/libkernel32.a(dqmft.o)
 .idata$4       0x0000000000009104        0x0 C:/Tools/MinGW_CC++_Compiler_5.3/bin/../lib/gcc/x86_64-w64-mingw32/5.3.0/../../../../x86_64-w64-mingw32/lib/../lib/libmsvcrt.a(dkpfh.o)
 .idata$4       0x0000000000009104        0x8 C:/Tools/MinGW_CC++_Compiler_5.3/bin/../lib/gcc/x86_64-w64-mingw32/5.3.0/../../../../x86_64-w64-mingw32/lib/../lib/libmsvcrt.a(dkpfs00078.o)
 .idata$4       0x000000000000910c        0x8 C:/Tools/MinGW_CC++_Compiler_5.3/bin/../lib/gcc/x86_64-w64-mingw32/5.3.0/../../../../x86_64-w64-mingw32/lib/../lib/libmsvcrt.a(dkpfs00083.o)
 .idata$4       0x0000000000009114        0x8 C:/Tools/MinGW_CC++_Compiler_5.3/bin/../lib/gcc/x86_64-w64-mingw32/5.3.0/../../../../x86_64-w64-mingw32/lib/../lib/libmsvcrt.a(dkpfs00122.o)
 .idata$4       0x000000000000911c        0x8 C:/Tools/MinGW_CC++_Compiler_5.3/bin/../lib/gcc/x86_64-w64-mingw32/5.3.0/../../../../x86_64-w64-mingw32/lib/../lib/libmsvcrt.a(dkpfs00330.o)
 .idata$4       0x0000000000009124        0x8 C:/Tools/MinGW_CC++_Compiler_5.3/bin/../lib/gcc/x86_64-w64-mingw32/5.3.0/../../../../x86_64-w64-mingw32/lib/../lib/libmsvcrt.a(dkpfs00439.o)
 .idata$4       0x000000000000912c        0x8 C:/Tools/MinGW_CC++_Compiler_5.3/bin/../lib/gcc/x86_64-w64-mingw32/5.3.0/../../../../x86_64-w64-mingw32/lib/../lib/libmsvcrt.a(dkpfs00611.o)
 .idata$4       0x0000000000009134        0x8 C:/Tools/MinGW_CC++_Compiler_5.3/bin/../lib/gcc/x86_64-w64-mingw32/5.3.0/../../../../x86_64-w64-mingw32/lib/../lib/libmsvcrt.a(dkpfs00819.o)
 .idata$4       0x000000000000913c        0x8 C:/Tools/MinGW_CC++_Compiler_5.3/bin/../lib/gcc/x86_64-w64-mingw32/5.3.0/../../../../x86_64-w64-mingw32/lib/../lib/libmsvcrt.a(dkpfs01030.o)
 .idata$4       0x0000000000009144        0x8 C:/Tools/MinGW_CC++_Compiler_5.3/bin/../lib/gcc/x86_64-w64-mingw32/5.3.0/../../../../x86_64-w64-mingw32/lib/../lib/libmsvcrt.a(dkpfs01047.o)
 .idata$4       0x000000000000914c        0x8 C:/Tools/MinGW_CC++_Compiler_5.3/bin/../lib/gcc/x86_64-w64-mingw32/5.3.0/../../../../x86_64-w64-mingw32/lib/../lib/libmsvcrt.a(dkpfs01086.o)
 .idata$4       0x0000000000009154        0x8 C:/Tools/MinGW_CC++_Compiler_5.3/bin/../lib/gcc/x86_64-w64-mingw32/5.3.0/../../../../x86_64-w64-mingw32/lib/../lib/libmsvcrt.a(dkpfs01097.o)
 .idata$4       0x000000000000915c        0x8 C:/Tools/MinGW_CC++_Compiler_5.3/bin/../lib/gcc/x86_64-w64-mingw32/5.3.0/../../../../x86_64-w64-mingw32/lib/../lib/libmsvcrt.a(dkpfs01145.o)
 .idata$4       0x0000000000009164        0x8 C:/Tools/MinGW_CC++_Compiler_5.3/bin/../lib/gcc/x86_64-w64-mingw32/5.3.0/../../../../x86_64-w64-mingw32/lib/../lib/libmsvcrt.a(dkpfs01153.o)
 .idata$4       0x000000000000916c        0x8 C:/Tools/MinGW_CC++_Compiler_5.3/bin/../lib/gcc/x86_64-w64-mingw32/5.3.0/../../../../x86_64-w64-mingw32/lib/../lib/libmsvcrt.a(dkpfs01183.o)
 .idata$4       0x0000000000009174        0x8 C:/Tools/MinGW_CC++_Compiler_5.3/bin/../lib/gcc/x86_64-w64-mingw32/5.3.0/../../../../x86_64-w64-mingw32/lib/../lib/libmsvcrt.a(dkpfs01204.o)
 .idata$4       0x000000000000917c        0x8 C:/Tools/MinGW_CC++_Compiler_5.3/bin/../lib/gcc/x86_64-w64-mingw32/5.3.0/../../../../x86_64-w64-mingw32/lib/../lib/libmsvcrt.a(dkpfs01207.o)
 .idata$4       0x0000000000009184        0x8 C:/Tools/MinGW_CC++_Compiler_5.3/bin/../lib/gcc/x86_64-w64-mingw32/5.3.0/../../../../x86_64-w64-mingw32/lib/../lib/libmsvcrt.a(dkpfs01239.o)
 .idata$4       0x000000000000918c        0x8 C:/Tools/MinGW_CC++_Compiler_5.3/bin/../lib/gcc/x86_64-w64-mingw32/5.3.0/../../../../x86_64-w64-mingw32/lib/../lib/libmsvcrt.a(dkpft.o)
                0x0000000000009194                __IAT_start__ = .
 SORT(*)(.idata$5)
 .idata$5       0x0000000000009194        0x0 C:/Tools/MinGW_CC++_Compiler_5.3/bin/../lib/gcc/x86_64-w64-mingw32/5.3.0/../../../../x86_64-w64-mingw32/lib/../lib/libkernel32.a(dqmfh.o)
 .idata$5       0x0000000000009194        0x8 C:/Tools/MinGW_CC++_Compiler_5.3/bin/../lib/gcc/x86_64-w64-mingw32/5.3.0/../../../../x86_64-w64-mingw32/lib/../lib/libkernel32.a(dqmfs00216.o)
                0x0000000000009194                __imp_DeleteCriticalSection
 .idata$5       0x000000000000919c        0x8 C:/Tools/MinGW_CC++_Compiler_5.3/bin/../lib/gcc/x86_64-w64-mingw32/5.3.0/../../../../x86_64-w64-mingw32/lib/../lib/libkernel32.a(dqmfs00249.o)
                0x000000000000919c                __imp_EnterCriticalSection
 .idata$5       0x00000000000091a4        0x8 C:/Tools/MinGW_CC++_Compiler_5.3/bin/../lib/gcc/x86_64-w64-mingw32/5.3.0/../../../../x86_64-w64-mingw32/lib/../lib/libkernel32.a(dqmfs00462.o)
                0x00000000000091a4                __imp_GetCurrentProcess
 .idata$5       0x00000000000091ac        0x8 C:/Tools/MinGW_CC++_Compiler_5.3/bin/../lib/gcc/x86_64-w64-mingw32/5.3.0/../../../../x86_64-w64-mingw32/lib/../lib/libkernel32.a(dqmfs00463.o)
                0x00000000000091ac                __imp_GetCurrentProcessId
 .idata$5       0x00000000000091b4        0x8 C:/Tools/MinGW_CC++_Compiler_5.3/bin/../lib/gcc/x86_64-w64-mingw32/5.3.0/../../../../x86_64-w64-mingw32/lib/../lib/libkernel32.a(dqmfs00467.o)
                0x00000000000091b4                __imp_GetCurrentThreadId
 .idata$5       0x00000000000091bc        0x8 C:/Tools/MinGW_CC++_Compiler_5.3/bin/../lib/gcc/x86_64-w64-mingw32/5.3.0/../../../../x86_64-w64-mingw32/lib/../lib/libkernel32.a(dqmfs00529.o)
                0x00000000000091bc                __imp_GetLastError
 .idata$5       0x00000000000091c4        0x8 C:/Tools/MinGW_CC++_Compiler_5.3/bin/../lib/gcc/x86_64-w64-mingw32/5.3.0/../../../../x86_64-w64-mingw32/lib/../lib/libkernel32.a(dqmfs00549.o)
                0x00000000000091c4                __imp_GetModuleHandleA
 .idata$5       0x00000000000091cc        0x8 C:/Tools/MinGW_CC++_Compiler_5.3/bin/../lib/gcc/x86_64-w64-mingw32/5.3.0/../../../../x86_64-w64-mingw32/lib/../lib/libkernel32.a(dqmfs00599.o)
                0x00000000000091cc                __imp_GetProcAddress
 .idata$5       0x00000000000091d4        0x8 C:/Tools/MinGW_CC++_Compiler_5.3/bin/../lib/gcc/x86_64-w64-mingw32/5.3.0/../../../../x86_64-w64-mingw32/lib/../lib/libkernel32.a(dqmfs00651.o)
                0x00000000000091d4                __imp_GetSystemTimeAsFileTime
 .idata$5       0x00000000000091dc        0x8 C:/Tools/MinGW_CC++_Compiler_5.3/bin/../lib/gcc/x86_64-w64-mingw32/5.3.0/../../../../x86_64-w64-mingw32/lib/../lib/libkernel32.a(dqmfs00678.o)
                0x00000000000091dc                __imp_GetTickCount
 .idata$5       0x00000000000091e4        0x8 C:/Tools/MinGW_CC++_Compiler_5.3/bin/../lib/gcc/x86_64-w64-mingw32/5.3.0/../../../../x86_64-w64-mingw32/lib/../lib/libkernel32.a(dqmfs00762.o)
                0x00000000000091e4                __imp_InitializeCriticalSection
 .idata$5       0x00000000000091ec        0x8 C:/Tools/MinGW_CC++_Compiler_5.3/bin/../lib/gcc/x86_64-w64-mingw32/5.3.0/../../../../x86_64-w64-mingw32/lib/../lib/libkernel32.a(dqmfs00844.o)
                0x00000000000091ec                __imp_LeaveCriticalSection
 .idata$5       0x00000000000091f4        0x8 C:/Tools/MinGW_CC++_Compiler_5.3/bin/../lib/gcc/x86_64-w64-mingw32/5.3.0/../../../../x86_64-w64-mingw32/lib/../lib/libkernel32.a(dqmfs00958.o)
                0x00000000000091f4                __imp_QueryPerformanceCounter
 .idata$5       0x00000000000091fc        0x8 C:/Tools/MinGW_CC++_Compiler_5.3/bin/../lib/gcc/x86_64-w64-mingw32/5.3.0/../../../../x86_64-w64-mingw32/lib/../lib/libkernel32.a(dqmfs01029.o)
                0x00000000000091fc                __imp_RtlAddFunctionTable
 .idata$5       0x0000000000009204        0x8 C:/Tools/MinGW_CC++_Compiler_5.3/bin/../lib/gcc/x86_64-w64-mingw32/5.3.0/../../../../x86_64-w64-mingw32/lib/../lib/libkernel32.a(dqmfs01030.o)
                0x0000000000009204                __imp_RtlCaptureContext
 .idata$5       0x000000000000920c        0x8 C:/Tools/MinGW_CC++_Compiler_5.3/bin/../lib/gcc/x86_64-w64-mingw32/5.3.0/../../../../x86_64-w64-mingw32/lib/../lib/libkernel32.a(dqmfs01037.o)
                0x000000000000920c                __imp_RtlLookupFunctionEntry
 .idata$5       0x0000000000009214        0x8 C:/Tools/MinGW_CC++_Compiler_5.3/bin/../lib/gcc/x86_64-w64-mingw32/5.3.0/../../../../x86_64-w64-mingw32/lib/../lib/libkernel32.a(dqmfs01044.o)
                0x0000000000009214                __imp_RtlVirtualUnwind
 .idata$5       0x000000000000921c        0x8 C:/Tools/MinGW_CC++_Compiler_5.3/bin/../lib/gcc/x86_64-w64-mingw32/5.3.0/../../../../x86_64-w64-mingw32/lib/../lib/libkernel32.a(dqmfs01187.o)
                0x000000000000921c                __imp_SetUnhandledExceptionFilter
 .idata$5       0x0000000000009224        0x8 C:/Tools/MinGW_CC++_Compiler_5.3/bin/../lib/gcc/x86_64-w64-mingw32/5.3.0/../../../../x86_64-w64-mingw32/lib/../lib/libkernel32.a(dqmfs01200.o)
                0x0000000000009224                __imp_Sleep
 .idata$5       0x000000000000922c        0x8 C:/Tools/MinGW_CC++_Compiler_5.3/bin/../lib/gcc/x86_64-w64-mingw32/5.3.0/../../../../x86_64-w64-mingw32/lib/../lib/libkernel32.a(dqmfs01214.o)
                0x000000000000922c                __imp_TerminateProcess
 .idata$5       0x0000000000009234        0x8 C:/Tools/MinGW_CC++_Compiler_5.3/bin/../lib/gcc/x86_64-w64-mingw32/5.3.0/../../../../x86_64-w64-mingw32/lib/../lib/libkernel32.a(dqmfs01221.o)
                0x0000000000009234                __imp_TlsGetValue
 .idata$5       0x000000000000923c        0x8 C:/Tools/MinGW_CC++_Compiler_5.3/bin/../lib/gcc/x86_64-w64-mingw32/5.3.0/../../../../x86_64-w64-mingw32/lib/../lib/libkernel32.a(dqmfs01234.o)
                0x000000000000923c                __imp_UnhandledExceptionFilter
 .idata$5       0x0000000000009244        0x8 C:/Tools/MinGW_CC++_Compiler_5.3/bin/../lib/gcc/x86_64-w64-mingw32/5.3.0/../../../../x86_64-w64-mingw32/lib/../lib/libkernel32.a(dqmfs01264.o)
                0x0000000000009244                __imp_VirtualProtect
 .idata$5       0x000000000000924c        0x8 C:/Tools/MinGW_CC++_Compiler_5.3/bin/../lib/gcc/x86_64-w64-mingw32/5.3.0/../../../../x86_64-w64-mingw32/lib/../lib/libkernel32.a(dqmfs01266.o)
                0x000000000000924c                __imp_VirtualQuery
 .idata$5       0x0000000000009254        0x8 C:/Tools/MinGW_CC++_Compiler_5.3/bin/../lib/gcc/x86_64-w64-mingw32/5.3.0/../../../../x86_64-w64-mingw32/lib/../lib/libkernel32.a(dqmft.o)
 .idata$5       0x000000000000925c        0x0 C:/Tools/MinGW_CC++_Compiler_5.3/bin/../lib/gcc/x86_64-w64-mingw32/5.3.0/../../../../x86_64-w64-mingw32/lib/../lib/libmsvcrt.a(dkpfh.o)
 .idata$5       0x000000000000925c        0x8 C:/Tools/MinGW_CC++_Compiler_5.3/bin/../lib/gcc/x86_64-w64-mingw32/5.3.0/../../../../x86_64-w64-mingw32/lib/../lib/libmsvcrt.a(dkpfs00078.o)
                0x000000000000925c                __imp___dllonexit
 .idata$5       0x0000000000009264        0x8 C:/Tools/MinGW_CC++_Compiler_5.3/bin/../lib/gcc/x86_64-w64-mingw32/5.3.0/../../../../x86_64-w64-mingw32/lib/../lib/libmsvcrt.a(dkpfs00083.o)
                0x0000000000009264                __imp___iob_func
 .idata$5       0x000000000000926c        0x8 C:/Tools/MinGW_CC++_Compiler_5.3/bin/../lib/gcc/x86_64-w64-mingw32/5.3.0/../../../../x86_64-w64-mingw32/lib/../lib/libmsvcrt.a(dkpfs00122.o)
                0x000000000000926c                __imp__amsg_exit
 .idata$5       0x0000000000009274        0x8 C:/Tools/MinGW_CC++_Compiler_5.3/bin/../lib/gcc/x86_64-w64-mingw32/5.3.0/../../../../x86_64-w64-mingw32/lib/../lib/libmsvcrt.a(dkpfs00330.o)
                0x0000000000009274                __imp__initterm
 .idata$5       0x000000000000927c        0x8 C:/Tools/MinGW_CC++_Compiler_5.3/bin/../lib/gcc/x86_64-w64-mingw32/5.3.0/../../../../x86_64-w64-mingw32/lib/../lib/libmsvcrt.a(dkpfs00439.o)
                0x000000000000927c                __imp__lock
 .idata$5       0x0000000000009284        0x8 C:/Tools/MinGW_CC++_Compiler_5.3/bin/../lib/gcc/x86_64-w64-mingw32/5.3.0/../../../../x86_64-w64-mingw32/lib/../lib/libmsvcrt.a(dkpfs00611.o)
                0x0000000000009284                __imp__onexit
 .idata$5       0x000000000000928c        0x8 C:/Tools/MinGW_CC++_Compiler_5.3/bin/../lib/gcc/x86_64-w64-mingw32/5.3.0/../../../../x86_64-w64-mingw32/lib/../lib/libmsvcrt.a(dkpfs00819.o)
                0x000000000000928c                __imp__unlock
 .idata$5       0x0000000000009294        0x8 C:/Tools/MinGW_CC++_Compiler_5.3/bin/../lib/gcc/x86_64-w64-mingw32/5.3.0/../../../../x86_64-w64-mingw32/lib/../lib/libmsvcrt.a(dkpfs01030.o)
                0x0000000000009294                __imp_abort
 .idata$5       0x000000000000929c        0x8 C:/Tools/MinGW_CC++_Compiler_5.3/bin/../lib/gcc/x86_64-w64-mingw32/5.3.0/../../../../x86_64-w64-mingw32/lib/../lib/libmsvcrt.a(dkpfs01047.o)
                0x000000000000929c                __imp_calloc
 .idata$5       0x00000000000092a4        0x8 C:/Tools/MinGW_CC++_Compiler_5.3/bin/../lib/gcc/x86_64-w64-mingw32/5.3.0/../../../../x86_64-w64-mingw32/lib/../lib/libmsvcrt.a(dkpfs01086.o)